
===========================================================================
report_checks -unconstrained
===========================================================================
======================= nom_tt_025C_1v80 Corner ===================================

Startpoint: rst (input port clocked by clk)
Endpoint: _3667_ (recovery check against rising-edge clock clk)
Path Group: asynchronous
Path Type: max

Fanout         Cap        Slew       Delay        Time   Description
---------------------------------------------------------------------------------------------
                      0.000000    0.000000    0.000000   clock clk (rise edge)
                                  0.000000    0.000000   clock network delay (ideal)
                                  2.000000    2.000000 v input external delay
   213    0.910787    0.000000    0.000000    2.000000 v rst (in)
                                                         rst (net)
                      0.000000    0.000000    2.000000 v _1965_/A (sky130_fd_sc_hd__inv_2)
     1    0.003612    0.024105    0.024546    2.024546 ^ _1965_/Y (sky130_fd_sc_hd__inv_2)
                                                         _0000_ (net)
                      0.024105    0.000000    2.024546 ^ _3667_/RESET_B (sky130_fd_sc_hd__dfrtp_2)
                                              2.024546   data arrival time

                      0.000000   10.000000   10.000000   clock clk (rise edge)
                                  0.000000   10.000000   clock network delay (ideal)
                                  0.000000   10.000000   clock reconvergence pessimism
                                             10.000000 ^ _3667_/CLK (sky130_fd_sc_hd__dfrtp_2)
                                  0.211654   10.211655   library recovery time
                                             10.211655   data required time
---------------------------------------------------------------------------------------------
                                             10.211655   data required time
                                             -2.024546   data arrival time
---------------------------------------------------------------------------------------------
                                              8.187108   slack (MET)


Startpoint: _3836_ (rising edge-triggered flip-flop clocked by clk)
Endpoint: _3790_ (rising edge-triggered flip-flop clocked by clk)
Path Group: clk
Path Type: max

Fanout         Cap        Slew       Delay        Time   Description
---------------------------------------------------------------------------------------------
                      0.000000    0.000000    0.000000   clock clk (rise edge)
                                  0.000000    0.000000   clock network delay (ideal)
                      0.000000    0.000000    0.000000 ^ _3836_/CLK (sky130_fd_sc_hd__dfrtp_2)
    35    0.121455    0.572648    0.714382    0.714382 ^ _3836_/Q (sky130_fd_sc_hd__dfrtp_2)
                                                         mul_unit.reg_a_out[4] (net)
                      0.572648    0.000000    0.714382 ^ _2482_/A (sky130_fd_sc_hd__inv_2)
     7    0.018002    0.134300    0.139801    0.854183 v _2482_/Y (sky130_fd_sc_hd__inv_2)
                                                         _1804_ (net)
                      0.134300    0.000000    0.854183 v _2548_/B (sky130_fd_sc_hd__or3_2)
     1    0.002284    0.073736    0.464589    1.318772 v _2548_/X (sky130_fd_sc_hd__or3_2)
                                                         _0473_ (net)
                      0.073736    0.000000    1.318772 v _2552_/A1 (sky130_fd_sc_hd__a31o_2)
     1    0.004189    0.041571    0.211250    1.530022 v _2552_/X (sky130_fd_sc_hd__a31o_2)
                                                         _0477_ (net)
                      0.041571    0.000000    1.530022 v _2553_/C1 (sky130_fd_sc_hd__o221a_4)
     4    0.020679    0.066425    0.134601    1.664623 v _2553_/X (sky130_fd_sc_hd__o221a_4)
                                                         _0478_ (net)
                      0.066425    0.000000    1.664623 v _2604_/S (sky130_fd_sc_hd__mux2_4)
     2    0.006787    0.056216    0.309260    1.973882 v _2604_/X (sky130_fd_sc_hd__mux2_4)
                                                         _0529_ (net)
                      0.056216    0.000000    1.973882 v _2608_/B (sky130_fd_sc_hd__or3_4)
     3    0.008322    0.073521    0.375178    2.349060 v _2608_/X (sky130_fd_sc_hd__or3_4)
                                                         _0533_ (net)
                      0.073521    0.000000    2.349060 v _2610_/A (sky130_fd_sc_hd__and2_4)
     1    0.004380    0.030379    0.145049    2.494109 v _2610_/X (sky130_fd_sc_hd__and2_4)
                                                         _0535_ (net)
                      0.030379    0.000000    2.494109 v _2611_/A (sky130_fd_sc_hd__buf_6)
     3    0.021219    0.035399    0.120768    2.614877 v _2611_/X (sky130_fd_sc_hd__buf_6)
                                                         _0536_ (net)
                      0.035399    0.000000    2.614877 v _2695_/A1 (sky130_fd_sc_hd__a221o_4)
     5    0.021371    0.085498    0.414223    3.029099 v _2695_/X (sky130_fd_sc_hd__a221o_4)
                                                         _0620_ (net)
                      0.085498    0.000000    3.029099 v _2700_/B1 (sky130_fd_sc_hd__a211o_2)
     2    0.006540    0.059495    0.329249    3.358348 v _2700_/X (sky130_fd_sc_hd__a211o_2)
                                                         _0625_ (net)
                      0.059495    0.000000    3.358348 v _2710_/A1 (sky130_fd_sc_hd__a31o_2)
     5    0.011684    0.060079    0.230487    3.588835 v _2710_/X (sky130_fd_sc_hd__a31o_2)
                                                         _0635_ (net)
                      0.060079    0.000000    3.588835 v _2864_/C_N (sky130_fd_sc_hd__or4bb_2)
     2    0.005305    0.046261    0.193180    3.782015 ^ _2864_/X (sky130_fd_sc_hd__or4bb_2)
                                                         _0788_ (net)
                      0.046261    0.000000    3.782015 ^ _2886_/S (sky130_fd_sc_hd__mux2_1)
     1    0.003936    0.063099    0.318594    4.100609 v _2886_/X (sky130_fd_sc_hd__mux2_1)
                                                         _0809_ (net)
                      0.063099    0.000000    4.100609 v _2887_/A3 (sky130_fd_sc_hd__o32a_4)
     1    0.001949    0.047018    0.297808    4.398418 v _2887_/X (sky130_fd_sc_hd__o32a_4)
                                                         _0326_ (net)
                      0.047018    0.000000    4.398418 v _3790_/D (sky130_fd_sc_hd__dfrtp_2)
                                              4.398418   data arrival time

                      0.000000   10.000000   10.000000   clock clk (rise edge)
                                  0.000000   10.000000   clock network delay (ideal)
                                  0.000000   10.000000   clock reconvergence pessimism
                                             10.000000 ^ _3790_/CLK (sky130_fd_sc_hd__dfrtp_2)
                                 -0.126791    9.873209   library setup time
                                              9.873209   data required time
---------------------------------------------------------------------------------------------
                                              9.873209   data required time
                                             -4.398418   data arrival time
---------------------------------------------------------------------------------------------
                                              5.474792   slack (MET)




===========================================================================
report_checks --slack_max -0.01
============================================================================
======================= nom_tt_025C_1v80 Corner ===================================

No paths found.


===========================================================================
 report_check_types -max_slew -max_cap -max_fanout -violators
============================================================================
======================= nom_tt_025C_1v80 Corner ===================================



===========================================================================
report_parasitic_annotation -report_unannotated
============================================================================
Found 435 unannotated drivers.
 _1832_/X
 _1833_/X
 _1834_/X
 _1836_/X
 _1837_/X
 _1838_/X
 _1839_/X
 _1840_/X
 _1841_/X
 _1842_/X
 _1843_/X
 _1845_/X
 _1846_/X
 _1847_/X
 _1848_/X
 _1849_/X
 _1850_/X
 _1851_/X
 _1853_/X
 _1854_/X
 _1855_/X
 _1856_/X
 _1857_/X
 _1858_/Y
 _1859_/X
 _1860_/X
 _1861_/X
 _1862_/X
 _1863_/X
 _1864_/X
 _1865_/X
 _1866_/Y
 _1867_/X
 _1868_/Y
 _1870_/X
 _1871_/X
 _1872_/X
 _1873_/X
 _1874_/X
 _1875_/X
 _1877_/X
 _1878_/X
 _1879_/X
 _1880_/X
 _1882_/X
 _1883_/X
 _1884_/X
 _1885_/X
 _1886_/X
 _1888_/X
 _1889_/X
 _1890_/X
 _1891_/X
 _1892_/X
 _1893_/X
 _1894_/Y
 _1896_/X
 _1897_/X
 _1899_/X
 _1900_/X
 _1902_/X
 _1903_/X
 _1904_/X
 _1906_/X
 _1907_/X
 _1908_/X
 _1910_/X
 _1911_/Y
 _1912_/X
 _1913_/X
 _1914_/X
 _1915_/Y
 _1916_/X
 _1918_/X
 _1919_/X
 _1920_/X
 _1921_/X
 _1922_/X
 _1924_/X
 _1925_/X
 _1926_/X
 _1927_/X
 _1928_/Y
 _1929_/X
 _1930_/X
 _1931_/Y
 _1933_/Y
 _1934_/X
 _1935_/X
 _1936_/X
 _1937_/X
 _1938_/X
 _1939_/X
 _1941_/X
 _1942_/X
 _1943_/X
 _1944_/X
 _1945_/Y
 _1947_/X
 _1948_/X
 _1949_/X
 _1950_/X
 _1951_/X
 _1953_/X
 _1955_/X
 _1957_/X
 _1958_/X
 _1959_/Y
 _1960_/Y
 _1961_/Y
 _1962_/Y
 _1963_/Y
 _1964_/X
 _2178_/X
 _2180_/X
 _2182_/X
 _2184_/X
 _2186_/X
 _2188_/X
 _2190_/X
 _2192_/X
 _2194_/X
 _2196_/X
 _2198_/X
 _2200_/X
 _2202_/X
 _2204_/X
 _2206_/X
 _2208_/X
 _2210_/X
 _2212_/Y
 _2213_/X
 _2214_/X
 _2215_/X
 _2216_/X
 _2217_/X
 _2218_/X
 _2219_/X
 _2220_/X
 _2221_/X
 _2222_/X
 _2223_/X
 _2224_/X
 _2225_/X
 _2226_/X
 _2227_/X
 _2228_/X
 _2229_/X
 _2230_/X
 _2231_/X
 _2232_/X
 _2233_/X
 _2234_/X
 _2235_/X
 _2236_/X
 _2237_/X
 _2238_/Y
 _2239_/Y
 _2241_/X
 _2243_/X
 _2245_/Y
 _2246_/Y
 _2248_/X
 _2250_/X
 _2252_/Y
 _2253_/Y
 _2255_/Y
 _2256_/Y
 _2258_/X
 _2259_/X
 _2260_/X
 _2261_/Y
 _2262_/Y
 _2263_/Y
 _2264_/Y
 _2265_/X
 _2267_/X
 _2268_/X
 _2269_/Y
 _2271_/X
 _2272_/X
 _2274_/X
 _2275_/X
 _2276_/X
 _2277_/X
 _2278_/X
 _2279_/X
 _2280_/X
 _2281_/Y
 _2283_/Y
 _2284_/Y
 _2285_/Y
 _2286_/Y
 _2287_/X
 _2289_/X
 _2290_/X
 _2291_/Y
 _2293_/X
 _2294_/X
 _2295_/X
 _2296_/X
 _2297_/X
 _2299_/X
 _2300_/X
 _2301_/X
 _2303_/X
 _2305_/X
 _2307_/X
 _2309_/X
 _2311_/X
 _2313_/X
 _2315_/X
 _2317_/X
 _2319_/X
 _2321_/X
 _2322_/X
 _2324_/X
 _2326_/X
 _2328_/X
 _2330_/X
 _2332_/X
 _2334_/X
 _2336_/X
 _2338_/X
 _2340_/X
 _2342_/X
 _2343_/X
 _2345_/X
 _2347_/X
 _2349_/X
 _2351_/X
 _2353_/X
 _2355_/X
 _2357_/X
 _2359_/X
 _2361_/X
 _2363_/X
 _2365_/X
 _2367_/X
 _2369_/X
 _2370_/X
 _2372_/X
 _2374_/X
 _2376_/X
 _2378_/X
 _2380_/X
 _2382_/X
 _2384_/X
 _2386_/X
 _2388_/X
 _2390_/X
 _2392_/X
 _2394_/X
 _2396_/X
 _2398_/X
 _2400_/X
 _2402_/X
 _2404_/X
 _2406_/X
 _2408_/X
 _2410_/X
 _2412_/X
 _2414_/X
 _2416_/X
 _2418_/X
 _2420_/X
 _2422_/X
 _2424_/X
 _2426_/X
 _2428_/X
 _2430_/X
 _2432_/X
 _2433_/Y
 _2434_/Y
 _2435_/Y
 _2436_/X
 _2437_/X
 _2438_/Y
 _2439_/X
 _2440_/Y
 _2441_/X
 _2442_/X
 _2443_/X
 _2444_/Y
 _2445_/X
 _2446_/X
 _2447_/X
 _2448_/Y
 _2449_/Y
 _2450_/X
 _2452_/X
 _2453_/Y
 _2454_/X
 _2456_/X
 _2457_/Y
 _2458_/X
 _2460_/Y
 _2461_/Y
 _2462_/X
 _2464_/Y
 _2465_/Y
 _2466_/X
 _2468_/Y
 _2469_/Y
 _2470_/Y
 _2472_/X
 _2473_/Y
 _2474_/Y
 _2475_/X
 _2477_/Y
 _2478_/Y
 _2479_/X
 _2481_/Y
 _2482_/Y
 _2483_/Y
 _2484_/Y
 _2485_/Y
 _2486_/X
 _2487_/Y
 _2488_/X
 _2489_/Y
 _2490_/X
 _2491_/X
 _2492_/X
 _2493_/Y
 _2494_/Y
 _2495_/X
 _2496_/X
 _2497_/X
 _2498_/Y
 _2499_/Y
 _2500_/X
 _2501_/X
 _2502_/Y
 _2503_/Y
 _2504_/Y
 _2505_/Y
 _2506_/X
 _3563_/X
 _3564_/X
 _3566_/X
 _3567_/X
 _3569_/X
 _3570_/X
 _3572_/Y
 _3573_/X
 _3574_/X
 _3575_/X
 _3576_/X
 _3577_/X
 _3578_/X
 _3579_/X
 _3581_/X
 _3582_/X
 _3583_/X
 _3584_/Y
 _3585_/Y
 _3586_/Y
 _3587_/Y
 _3588_/Y
 _3589_/Y
 _3590_/X
 _3591_/X
 _3592_/X
 _3593_/X
 _3594_/X
 _3595_/X
 _3596_/X
 _3597_/Y
 _3598_/Y
 _3599_/Y
 _3600_/X
 _3601_/Y
 _3602_/Y
 _3603_/Y
 _3604_/X
 _3605_/Y
 _3606_/X
 _3607_/X
 _3608_/Y
 _3609_/X
 _3610_/Y
 _3611_/Y
 _3612_/X
 _3613_/Y
 _3614_/Y
 _3615_/X
 _3616_/X
 _3617_/X
 _3618_/Y
 _3619_/Y
 _3620_/Y
 _3621_/Y
 _3622_/X
 _3623_/X
 _3624_/X
 _3625_/X
 _3626_/Y
 _3627_/Y
 _3628_/X
 _3629_/Y
 _3630_/Y
 _3631_/X
 _3632_/X
 _3633_/X
 _3634_/X
 _3635_/X
 _3636_/X
 _3637_/X
 _3639_/X
 _3640_/X
 _3641_/X
 _3642_/X
 _3643_/X
 _3644_/X
 _3646_/X
 _3647_/X
 _3648_/X
 _3649_/X
 _3650_/X
 _3652_/X
 _3653_/X
 _3654_/X
 _3655_/X
 _3656_/Y
 _3657_/Y
 _3658_/X
 _3659_/X
 _3660_/X
 _3661_/Y
 _3662_/X
 _3663_/X
 _3664_/X
 _3665_/X
 _3666_/X
Found 1665 partially unannotated drivers.
 A[0]
  _2367_/A0
 A[10]
  _2347_/A0
 A[11]
  _2345_/A0
 A[12]
  _2343_/A0
 A[13]
  _2340_/A0
 A[14]
  _2338_/A0
 A[15]
  _2336_/A0
 A[1]
  _2365_/A0
 A[2]
  _2363_/A0
 A[3]
  _2361_/A0
 A[4]
  _2359_/A0
 A[5]
  _2357_/A0
 A[6]
  _2355_/A0
 A[7]
  _2353_/A0
 A[8]
  _2351_/A0
 A[9]
  _2349_/A0
 B[0]
  _2334_/A0
 B[10]
  _2313_/A0
 B[11]
  _2311_/A0
 B[12]
  _2309_/A0
 B[13]
  _2307_/A0
 B[14]
  _2305_/A0
 B[15]
  _2303_/A0
 B[1]
  _2332_/A0
 B[2]
  _2330_/A0
 B[3]
  _2328_/A0
 B[4]
  _2326_/A0
 B[5]
  _2324_/A0
 B[6]
  _2322_/A0
 B[7]
  _2319_/A0
 B[8]
  _2317_/A0
 B[9]
  _2315_/A0
 clk
  _3667_/CLK
  _3668_/CLK
  _3669_/CLK
  _3670_/CLK
  _3671_/CLK
  _3672_/CLK
  _3673_/CLK
  _3674_/CLK
  _3675_/CLK
  _3676_/CLK
  _3677_/CLK
  _3678_/CLK
  _3679_/CLK
  _3680_/CLK
  _3681_/CLK
  _3682_/CLK
  _3683_/CLK
  _3684_/CLK
  _3685_/CLK
  _3686_/CLK
  _3687_/CLK
  _3688_/CLK
  _3689_/CLK
  _3690_/CLK
  _3691_/CLK
  _3692_/CLK
  _3693_/CLK
  _3694_/CLK
  _3695_/CLK
  _3696_/CLK
  _3697_/CLK
  _3698_/CLK
  _3699_/CLK
  _3700_/CLK
  _3701_/CLK
  _3702_/CLK
  _3703_/CLK
  _3704_/CLK
  _3705_/CLK
  _3706_/CLK
  _3707_/CLK
  _3708_/CLK
  _3709_/CLK
  _3710_/CLK
  _3711_/CLK
  _3712_/CLK
  _3713_/CLK
  _3714_/CLK
  _3715_/CLK
  _3716_/CLK
  _3717_/CLK
  _3718_/CLK
  _3719_/CLK
  _3720_/CLK
  _3721_/CLK
  _3722_/CLK
  _3723_/CLK
  _3724_/CLK
  _3725_/CLK
  _3726_/CLK
  _3727_/CLK
  _3728_/CLK
  _3729_/CLK
  _3730_/CLK
  _3731_/CLK
  _3732_/CLK
  _3733_/CLK
  _3734_/CLK
  _3735_/CLK
  _3736_/CLK
  _3737_/CLK
  _3738_/CLK
  _3739_/CLK
  _3740_/CLK
  _3741_/CLK
  _3742_/CLK
  _3743_/CLK
  _3744_/CLK
  _3745_/CLK
  _3746_/CLK
  _3747_/CLK
  _3748_/CLK
  _3749_/CLK
  _3750_/CLK
  _3751_/CLK
  _3752_/CLK
  _3753_/CLK
  _3754_/CLK
  _3755_/CLK
  _3756_/CLK
  _3757_/CLK
  _3758_/CLK
  _3759_/CLK
  _3760_/CLK
  _3761_/CLK
  _3762_/CLK
  _3763_/CLK
  _3764_/CLK
  _3765_/CLK
  _3766_/CLK
  _3767_/CLK
  _3768_/CLK
  _3769_/CLK
  _3770_/CLK
  _3771_/CLK
  _3772_/CLK
  _3773_/CLK
  _3774_/CLK
  _3775_/CLK
  _3776_/CLK
  _3777_/CLK
  _3778_/CLK
  _3779_/CLK
  _3780_/CLK
  _3781_/CLK
  _3782_/CLK
  _3783_/CLK
  _3784_/CLK
  _3785_/CLK
  _3786_/CLK
  _3787_/CLK
  _3788_/CLK
  _3789_/CLK
  _3790_/CLK
  _3791_/CLK
  _3792_/CLK
  _3793_/CLK
  _3794_/CLK
  _3795_/CLK
  _3796_/CLK
  _3797_/CLK
  _3798_/CLK
  _3799_/CLK
  _3800_/CLK
  _3801_/CLK
  _3802_/CLK
  _3803_/CLK
  _3804_/CLK
  _3805_/CLK
  _3806_/CLK
  _3807_/CLK
  _3808_/CLK
  _3809_/CLK
  _3810_/CLK
  _3811_/CLK
  _3812_/CLK
  _3813_/CLK
  _3814_/CLK
  _3815_/CLK
  _3816_/CLK
  _3817_/CLK
  _3818_/CLK
  _3819_/CLK
  _3820_/CLK
  _3821_/CLK
  _3822_/CLK
  _3823_/CLK
  _3824_/CLK
  _3825_/CLK
  _3826_/CLK
  _3827_/CLK
  _3828_/CLK
  _3829_/CLK
  _3830_/CLK
  _3831_/CLK
  _3832_/CLK
  _3833_/CLK
  _3834_/CLK
  _3835_/CLK
  _3836_/CLK
  _3837_/CLK
  _3838_/CLK
  _3839_/CLK
  _3840_/CLK
  _3841_/CLK
  _3842_/CLK
  _3843_/CLK
  _3844_/CLK
  _3845_/CLK
  _3846_/CLK
  _3847_/CLK
  _3848_/CLK
  _3849_/CLK
  _3850_/CLK
  _3851_/CLK
  _3852_/CLK
  _3853_/CLK
  _3854_/CLK
  _3855_/CLK
  _3856_/CLK
  _3857_/CLK
  _3858_/CLK
  _3859_/CLK
  _3860_/CLK
  _3861_/CLK
  _3862_/CLK
  _3863_/CLK
  _3864_/CLK
  _3865_/CLK
  _3866_/CLK
  _3867_/CLK
  _3868_/CLK
  _3869_/CLK
  _3870_/CLK
  _3871_/CLK
  _3872_/CLK
  _3873_/CLK
  _3874_/CLK
  _3875_/CLK
  _3876_/CLK
  _3877_/CLK
  _3878_/CLK
  _3879_/CLK
  _3880_/CLK
  _3881_/CLK
  _3882_/CLK
  _3883_/CLK
  _3884_/CLK
  _3885_/CLK
  _3886_/CLK
  _3887_/CLK
  _3888_/CLK
  _3889_/CLK
  _3890_/CLK
  _3891_/CLK
  _3892_/CLK
  _3893_/CLK
  _3894_/CLK
  _3895_/CLK
 mode
  _1953_/A1
 rst
  _1965_/A
  _1966_/A
  _1967_/A
  _1968_/A
  _1969_/A
  _1970_/A
  _1971_/A
  _1972_/A
  _1973_/A
  _1974_/A
  _1975_/A
  _1976_/A
  _1977_/A
  _1978_/A
  _1979_/A
  _1980_/A
  _1981_/A
  _1982_/A
  _1983_/A
  _1984_/A
  _1985_/A
  _1986_/A
  _1987_/A
  _1988_/A
  _1989_/A
  _1990_/A
  _1991_/A
  _1992_/A
  _1993_/A
  _1994_/A
  _1995_/A
  _1996_/A
  _1997_/A
  _1998_/A
  _1999_/A
  _2000_/A
  _2001_/A
  _2002_/A
  _2003_/A
  _2004_/A
  _2005_/A
  _2006_/A
  _2007_/A
  _2008_/A
  _2009_/A
  _2010_/A
  _2011_/A
  _2012_/A
  _2013_/A
  _2014_/A
  _2015_/A
  _2016_/A
  _2017_/A
  _2018_/A
  _2019_/A
  _2020_/A
  _2021_/A
  _2022_/A
  _2023_/A
  _2024_/A
  _2025_/A
  _2026_/A
  _2027_/A
  _2028_/A
  _2029_/A
  _2030_/A
  _2031_/A
  _2032_/A
  _2033_/A
  _2034_/A
  _2035_/A
  _2036_/A
  _2037_/A
  _2038_/A
  _2039_/A
  _2040_/A
  _2041_/A
  _2042_/A
  _2043_/A
  _2044_/A
  _2045_/A
  _2046_/A
  _2047_/A
  _2048_/A
  _2049_/A
  _2050_/A
  _2051_/A
  _2052_/A
  _2053_/A
  _2054_/A
  _2055_/A
  _2056_/A
  _2057_/A
  _2058_/A
  _2059_/A
  _2060_/A
  _2061_/A
  _2062_/A
  _2063_/A
  _2064_/A
  _2065_/A
  _2066_/A
  _2067_/A
  _2068_/A
  _2069_/A
  _2070_/A
  _2071_/A
  _2072_/A
  _2073_/A
  _2074_/A
  _2075_/A
  _2076_/A
  _2077_/A
  _2078_/A
  _2079_/A
  _2080_/A
  _2081_/A
  _2082_/A
  _2083_/A
  _2084_/A
  _2085_/A
  _2086_/A
  _2087_/A
  _2088_/A
  _2089_/A
  _2090_/A
  _2091_/A
  _2092_/A
  _2093_/A
  _2094_/A
  _2095_/A
  _2096_/A
  _2097_/A
  _2098_/A
  _2099_/A
  _2100_/A
  _2101_/A
  _2102_/A
  _2103_/A
  _2104_/A
  _2105_/A
  _2106_/A
  _2107_/A
  _2108_/A
  _2109_/A
  _2110_/A
  _2111_/A
  _2112_/A
  _2113_/A
  _2114_/A
  _2115_/A
  _2116_/A
  _2117_/A
  _2118_/A
  _2119_/A
  _2120_/A
  _2121_/A
  _2122_/A
  _2123_/A
  _2124_/A
  _2125_/A
  _2126_/A
  _2127_/A
  _2128_/A
  _2129_/A
  _2130_/A
  _2131_/A
  _2132_/A
  _2133_/A
  _2134_/A
  _2135_/A
  _2136_/A
  _2137_/A
  _2138_/A
  _2139_/A
  _2140_/A
  _2141_/A
  _2142_/A
  _2143_/A
  _2144_/A
  _2145_/A
  _2146_/A
  _2147_/A
  _2148_/A
  _2149_/A
  _2150_/A
  _2151_/A
  _2152_/A
  _2153_/A
  _2154_/A
  _2155_/A
  _2156_/A
  _2157_/A
  _2158_/A
  _2159_/A
  _2160_/A
  _2161_/A
  _2162_/A
  _2163_/A
  _2164_/A
  _2165_/A
  _2166_/A
  _2167_/A
  _2168_/A
  _2169_/A
  _2170_/A
  _2171_/A
  _2172_/A
  _2173_/A
  _2174_/A
  _2175_/A
  _2176_/A
  _2177_/A
 start
  _1957_/A0
 _1835_/X
  _3695_/D
 _1844_/X
  _3694_/D
 _1852_/X
  _3693_/D
 _1869_/Y
  _3692_/D
 _1876_/X
  _3691_/D
 _1881_/X
  _3690_/D
 _1887_/X
  _3689_/D
 _1895_/X
  _3688_/D
 _1898_/X
  _3687_/D
 _1901_/X
  _3686_/D
 _1905_/X
  _3685_/D
 _1909_/X
  _3684_/D
 _1917_/X
  _3683_/D
 _1923_/X
  _3682_/D
 _1932_/Y
  _3681_/D
 _1940_/X
  _3680_/D
 _1946_/X
  _3679_/D
 _1952_/X
  _3678_/D
 _1954_/X
  _3677_/D
 _1956_/X
  ready
 _1965_/Y
  _3667_/RESET_B
 _1966_/Y
  _3668_/RESET_B
 _1967_/Y
  _3669_/RESET_B
 _1968_/Y
  _3670_/RESET_B
 _1969_/Y
  _3671_/RESET_B
 _1970_/Y
  _3672_/RESET_B
 _1971_/Y
  _3673_/RESET_B
 _1972_/Y
  _3674_/RESET_B
 _1973_/Y
  _3675_/RESET_B
 _1974_/Y
  _3676_/RESET_B
 _1975_/Y
  _3677_/RESET_B
 _1976_/Y
  _3678_/RESET_B
 _1977_/Y
  _3679_/RESET_B
 _1978_/Y
  _3680_/RESET_B
 _1979_/Y
  _3681_/RESET_B
 _1980_/Y
  _3682_/RESET_B
 _1981_/Y
  _3683_/RESET_B
 _1982_/Y
  _3684_/RESET_B
 _1983_/Y
  _3685_/RESET_B
 _1984_/Y
  _3686_/RESET_B
 _1985_/Y
  _3687_/RESET_B
 _1986_/Y
  _3688_/RESET_B
 _1987_/Y
  _3689_/RESET_B
 _1988_/Y
  _3690_/RESET_B
 _1989_/Y
  _3691_/RESET_B
 _1990_/Y
  _3692_/RESET_B
 _1991_/Y
  _3693_/RESET_B
 _1992_/Y
  _3694_/RESET_B
 _1993_/Y
  _3695_/RESET_B
 _1994_/Y
  _3696_/RESET_B
 _1995_/Y
  _3697_/RESET_B
 _1996_/Y
  _3698_/RESET_B
 _1997_/Y
  _3699_/RESET_B
 _1998_/Y
  _3700_/RESET_B
 _1999_/Y
  _3701_/RESET_B
 _2000_/Y
  _3702_/RESET_B
 _2001_/Y
  _3703_/RESET_B
 _2002_/Y
  _3704_/RESET_B
 _2003_/Y
  _3705_/RESET_B
 _2004_/Y
  _3706_/RESET_B
 _2005_/Y
  _3707_/RESET_B
 _2006_/Y
  _3708_/RESET_B
 _2007_/Y
  _3709_/RESET_B
 _2008_/Y
  _3710_/RESET_B
 _2009_/Y
  _3711_/RESET_B
 _2010_/Y
  _3712_/RESET_B
 _2011_/Y
  _3713_/RESET_B
 _2012_/Y
  _3714_/RESET_B
 _2013_/Y
  _3715_/RESET_B
 _2014_/Y
  _3716_/RESET_B
 _2015_/Y
  _3717_/RESET_B
 _2016_/Y
  _3718_/RESET_B
 _2017_/Y
  _3719_/RESET_B
 _2018_/Y
  _3720_/RESET_B
 _2019_/Y
  _3721_/RESET_B
 _2020_/Y
  _3722_/RESET_B
 _2021_/Y
  _3723_/RESET_B
 _2022_/Y
  _3724_/RESET_B
 _2023_/Y
  _3725_/RESET_B
 _2024_/Y
  _3726_/RESET_B
 _2025_/Y
  _3727_/RESET_B
 _2026_/Y
  _3728_/RESET_B
 _2027_/Y
  _3729_/RESET_B
 _2028_/Y
  _3730_/RESET_B
 _2029_/Y
  _3731_/RESET_B
 _2030_/Y
  _3732_/RESET_B
 _2031_/Y
  _3733_/RESET_B
 _2032_/Y
  _3734_/RESET_B
 _2033_/Y
  _3735_/RESET_B
 _2034_/Y
  _3736_/RESET_B
 _2035_/Y
  _3737_/RESET_B
 _2036_/Y
  _3738_/RESET_B
 _2037_/Y
  _3739_/RESET_B
 _2038_/Y
  _3740_/RESET_B
 _2039_/Y
  _3741_/RESET_B
 _2040_/Y
  _3742_/RESET_B
 _2041_/Y
  _3743_/RESET_B
 _2042_/Y
  _3744_/RESET_B
 _2043_/Y
  _3745_/RESET_B
 _2044_/Y
  _3746_/RESET_B
 _2045_/Y
  _3747_/RESET_B
 _2046_/Y
  _3748_/RESET_B
 _2047_/Y
  _3749_/RESET_B
 _2048_/Y
  _3750_/RESET_B
 _2049_/Y
  _3751_/RESET_B
 _2050_/Y
  _3752_/RESET_B
 _2051_/Y
  _3753_/RESET_B
 _2052_/Y
  _3754_/RESET_B
 _2053_/Y
  _3755_/RESET_B
 _2054_/Y
  _3756_/RESET_B
 _2055_/Y
  _3757_/RESET_B
 _2056_/Y
  _3758_/RESET_B
 _2057_/Y
  _3759_/RESET_B
 _2058_/Y
  _3760_/RESET_B
 _2059_/Y
  _3761_/RESET_B
 _2060_/Y
  _3762_/RESET_B
 _2061_/Y
  _3763_/RESET_B
 _2062_/Y
  _3764_/RESET_B
 _2063_/Y
  _3765_/RESET_B
 _2064_/Y
  _3766_/RESET_B
 _2065_/Y
  _3767_/RESET_B
 _2066_/Y
  _3768_/RESET_B
 _2067_/Y
  _3769_/RESET_B
 _2068_/Y
  _3770_/RESET_B
 _2069_/Y
  _3771_/RESET_B
 _2070_/Y
  _3772_/RESET_B
 _2071_/Y
  _3773_/RESET_B
 _2072_/Y
  _3774_/RESET_B
 _2073_/Y
  _3775_/RESET_B
 _2074_/Y
  _3776_/RESET_B
 _2075_/Y
  _3777_/RESET_B
 _2076_/Y
  _3778_/RESET_B
 _2077_/Y
  _3779_/RESET_B
 _2078_/Y
  _3780_/RESET_B
 _2079_/Y
  _3781_/RESET_B
 _2080_/Y
  _3782_/RESET_B
 _2081_/Y
  _3783_/RESET_B
 _2082_/Y
  _3784_/RESET_B
 _2083_/Y
  _3785_/RESET_B
 _2084_/Y
  _3786_/RESET_B
 _2085_/Y
  _3787_/RESET_B
 _2086_/Y
  _3788_/RESET_B
 _2087_/Y
  _3789_/RESET_B
 _2088_/Y
  _3790_/RESET_B
 _2089_/Y
  _3791_/RESET_B
 _2090_/Y
  _3792_/RESET_B
 _2091_/Y
  _3793_/RESET_B
 _2092_/Y
  _3794_/RESET_B
 _2093_/Y
  _3795_/RESET_B
 _2094_/Y
  _3796_/RESET_B
 _2095_/Y
  _3797_/RESET_B
 _2096_/Y
  _3798_/RESET_B
 _2097_/Y
  _3799_/RESET_B
 _2098_/Y
  _3800_/RESET_B
 _2099_/Y
  _3801_/RESET_B
 _2100_/Y
  _3802_/RESET_B
 _2101_/Y
  _3803_/RESET_B
 _2102_/Y
  _3804_/RESET_B
 _2103_/Y
  _3805_/RESET_B
 _2104_/Y
  _3806_/RESET_B
 _2105_/Y
  _3807_/RESET_B
 _2106_/Y
  _3808_/RESET_B
 _2107_/Y
  _3809_/RESET_B
 _2108_/Y
  _3810_/RESET_B
 _2109_/Y
  _3811_/RESET_B
 _2110_/Y
  _3812_/RESET_B
 _2111_/Y
  _3813_/RESET_B
 _2112_/Y
  _3814_/RESET_B
 _2113_/Y
  _3815_/RESET_B
 _2114_/Y
  _3816_/RESET_B
 _2115_/Y
  _3817_/RESET_B
 _2116_/Y
  _3818_/RESET_B
 _2117_/Y
  _3819_/RESET_B
 _2118_/Y
  _3820_/RESET_B
 _2119_/Y
  _3821_/RESET_B
 _2120_/Y
  _3822_/RESET_B
 _2121_/Y
  _3823_/RESET_B
 _2122_/Y
  _3824_/RESET_B
 _2123_/Y
  _3825_/RESET_B
 _2124_/Y
  _3826_/RESET_B
 _2125_/Y
  _3827_/RESET_B
 _2126_/Y
  _3828_/RESET_B
 _2127_/Y
  _3829_/RESET_B
 _2128_/Y
  _3830_/RESET_B
 _2129_/Y
  _3831_/RESET_B
 _2130_/Y
  _3832_/RESET_B
 _2131_/Y
  _3833_/RESET_B
 _2132_/Y
  _3834_/RESET_B
 _2133_/Y
  _3835_/RESET_B
 _2134_/Y
  _3836_/RESET_B
 _2135_/Y
  _3837_/RESET_B
 _2136_/Y
  _3838_/RESET_B
 _2137_/Y
  _3839_/RESET_B
 _2138_/Y
  _3840_/RESET_B
 _2139_/Y
  _3841_/RESET_B
 _2140_/Y
  _3842_/RESET_B
 _2141_/Y
  _3843_/RESET_B
 _2142_/Y
  _3844_/RESET_B
 _2143_/Y
  _3845_/RESET_B
 _2144_/Y
  _3846_/RESET_B
 _2145_/Y
  _3847_/RESET_B
 _2146_/Y
  _3848_/RESET_B
 _2147_/Y
  _3849_/RESET_B
 _2148_/Y
  _3850_/RESET_B
 _2149_/Y
  _3851_/RESET_B
 _2150_/Y
  _3852_/RESET_B
 _2151_/Y
  _3853_/RESET_B
 _2152_/Y
  _3854_/RESET_B
 _2153_/Y
  _3855_/RESET_B
 _2154_/Y
  _3856_/RESET_B
 _2155_/Y
  _3857_/RESET_B
 _2156_/Y
  _3858_/RESET_B
 _2157_/Y
  _3859_/RESET_B
 _2158_/Y
  _3860_/RESET_B
 _2159_/Y
  _3861_/RESET_B
 _2160_/Y
  _3862_/RESET_B
 _2161_/Y
  _3863_/RESET_B
 _2162_/Y
  _3864_/RESET_B
 _2163_/Y
  _3865_/RESET_B
 _2164_/Y
  _3866_/RESET_B
 _2165_/Y
  _3867_/RESET_B
 _2166_/Y
  _3868_/RESET_B
 _2167_/Y
  _3869_/RESET_B
 _2168_/Y
  _3870_/RESET_B
 _2169_/Y
  _3871_/RESET_B
 _2170_/Y
  _3872_/RESET_B
 _2171_/Y
  _3873_/RESET_B
 _2172_/Y
  _3874_/RESET_B
 _2173_/Y
  _3875_/RESET_B
 _2174_/Y
  _3876_/RESET_B
 _2175_/Y
  _3877_/RESET_B
 _2176_/Y
  _3878_/RESET_B
 _2177_/Y
  _3879_/RESET_B
 _2179_/X
  _3880_/D
 _2181_/X
  _3881_/D
 _2183_/X
  _3882_/D
 _2185_/X
  _3883_/D
 _2187_/X
  _3884_/D
 _2189_/X
  _3885_/D
 _2191_/X
  _3886_/D
 _2193_/X
  _3887_/D
 _2195_/X
  _3888_/D
 _2197_/X
  _3889_/D
 _2199_/X
  _3890_/D
 _2201_/X
  _3891_/D
 _2203_/X
  _3892_/D
 _2205_/X
  _3893_/D
 _2207_/X
  _3894_/D
 _2209_/X
  _3895_/D
 _2211_/X
  _3879_/D
 _2240_/X
  _3878_/D
 _2242_/X
  _3877_/D
 _2244_/X
  _3876_/D
 _2247_/X
  _3875_/D
 _2249_/X
  _3874_/D
 _2251_/X
  _3873_/D
 _2254_/X
  _3872_/D
 _2257_/X
  _3871_/D
 _2266_/X
  _3870_/D
 _2270_/X
  _3869_/D
 _2273_/X
  _3868_/D
 _2282_/X
  _3867_/D
 _2288_/X
  _3866_/D
 _2292_/X
  _3865_/D
 _2298_/X
  _3864_/D
 _2302_/Y
  _3672_/D
 _2304_/X
  _3863_/D
 _2306_/X
  _3862_/D
 _2308_/X
  _3861_/D
 _2310_/X
  _3860_/D
 _2312_/X
  _3859_/D
 _2314_/X
  _3858_/D
 _2316_/X
  _3857_/D
 _2318_/X
  _3856_/D
 _2320_/X
  _3855_/D
 _2323_/X
  _3854_/D
 _2325_/X
  _3853_/D
 _2327_/X
  _3852_/D
 _2329_/X
  _3851_/D
 _2331_/X
  _3850_/D
 _2333_/X
  _3849_/D
 _2335_/X
  _3848_/D
 _2337_/X
  _3847_/D
 _2339_/X
  _3846_/D
 _2341_/X
  _3845_/D
 _2344_/X
  _3844_/D
 _2346_/X
  _3843_/D
 _2348_/X
  _3842_/D
 _2350_/X
  _3841_/D
 _2352_/X
  _3840_/D
 _2354_/X
  _3839_/D
 _2356_/X
  _3838_/D
 _2358_/X
  _3837_/D
 _2360_/X
  _3836_/D
 _2362_/X
  _3835_/D
 _2364_/X
  _3834_/D
 _2366_/X
  _3833_/D
 _2368_/X
  _3832_/D
 _2371_/X
  _3831_/D
 _2373_/X
  _3830_/D
 _2375_/X
  _3829_/D
 _2377_/X
  _3828_/D
 _2379_/X
  _3827_/D
 _2381_/X
  _3826_/D
 _2383_/X
  _3825_/D
 _2385_/X
  _3824_/D
 _2387_/X
  _3823_/D
 _2389_/X
  _3822_/D
 _2391_/X
  _3821_/D
 _2393_/X
  _3820_/D
 _2395_/X
  _3819_/D
 _2397_/X
  _3818_/D
 _2399_/X
  _3817_/D
 _2401_/X
  _3816_/D
 _2403_/X
  _3815_/D
 _2405_/X
  _3814_/D
 _2407_/X
  _3813_/D
 _2409_/X
  _3812_/D
 _2411_/X
  _3811_/D
 _2413_/X
  _3810_/D
 _2415_/X
  _3809_/D
 _2417_/X
  _3808_/D
 _2419_/X
  _3807_/D
 _2421_/X
  _3806_/D
 _2423_/X
  _3805_/D
 _2425_/X
  _3804_/D
 _2427_/X
  _3803_/D
 _2429_/X
  _3802_/D
 _2431_/X
  _3801_/D
 _2451_/X
  _3800_/D
 _2455_/X
  _3799_/D
 _2459_/X
  _3798_/D
 _2463_/X
  _3797_/D
 _2467_/X
  _3796_/D
 _2471_/Y
  _3795_/D
 _2476_/X
  _3794_/D
 _2480_/X
  _3793_/D
 _2507_/X
  _2508_/B
  _2530_/B
 _2508_/X
  _2513_/A
  _2515_/B1
 _2509_/X
  _2511_/B1
  _2512_/A1
 _2510_/Y
  _2511_/C1
  _2512_/A2
 _2511_/X
  _2513_/B
  _2515_/A1
  _2528_/A1
  _2529_/A
 _2512_/Y
  _2513_/C
  _2515_/A2
  _2528_/A2
  _2529_/B
 _2513_/X
  _2516_/A2
  _2518_/B1
  _2519_/A1
  _2831_/A1
  _2832_/B1
 _2514_/X
  _2519_/A2
  _2525_/A2
  _2832_/B2
 _2515_/X
  _2516_/B1
  _2517_/A2
  _2518_/A2
  _2833_/A1
 _2516_/X
  _2517_/B1
 _2517_/Y
  _2519_/B1
 _2518_/X
  _2519_/B2
 _2519_/X
  _2520_/B
 _2520_/Y
  _2565_/A
  _2567_/A
  _2863_/A
 _2521_/Y
  _2524_/A1
  _2754_/A
 _2522_/Y
  _2524_/A2
  _2534_/A
  _2830_/B
 _2523_/Y
  _2524_/B1
  _2534_/B
 _2524_/Y
  _2525_/B1
 _2525_/Y
  _2563_/A1
  _2564_/A1
  _2704_/A
 _2526_/Y
  _2527_/B
 _2527_/X
  _2528_/B1
  _2529_/C
 _2528_/Y
  _2531_/A1
  _2532_/B
 _2529_/X
  _2531_/A2
  _2532_/C
 _2530_/Y
  _2531_/B1
  _2532_/A
 _2531_/Y
  _2533_/A
 _2532_/X
  _2533_/B
 _2533_/X
  _2563_/A2
  _2564_/A2
  _2704_/B
 _2534_/Y
  _2535_/B
 _2535_/Y
  _2562_/A1
  _2601_/A
  _2603_/A
  _2605_/A
  _2606_/A
  _2701_/A
 _2536_/Y
  _2538_/A1
 _2537_/Y
  _2538_/S
 _2538_/X
  _2543_/A2
 _2539_/Y
  _2542_/A3
  _2578_/A1
 _2540_/X
  _2542_/B1
 _2541_/X
  _2542_/C1
 _2542_/X
  _2543_/B1
 _2543_/X
  _2553_/A2
 _2544_/Y
  _2545_/A1
 _2545_/X
  _2547_/B1
 _2546_/X
  _2547_/C1
 _2547_/X
  _2553_/B1
 _2548_/X
  _2552_/A1
 _2549_/X
  _2552_/A2
 _2550_/X
  _2552_/A3
 _2551_/Y
  _2552_/B1
  _2594_/C1
 _2552_/X
  _2553_/C1
 _2553_/X
  _2562_/A2
  _2604_/S
  _2607_/S
  _2701_/B
 _2554_/Y
  _2559_/A3
  _2595_/A1
  _2754_/B
 _2555_/Y
  _2558_/A2
 _2556_/X
  _2558_/B1
 _2557_/Y
  _2558_/C1
  _2595_/A2
 _2558_/X
  _2559_/B1
 _2559_/Y
  _2561_/A2
 _2560_/X
  _2561_/B1
  _2596_/A2
 _2561_/X
  _2562_/B1
 _2562_/Y
  _2563_/B1
  _2705_/A
 _2563_/X
  _2564_/B1
 _2564_/X
  _2565_/B
  _2567_/B
  _2863_/B
 _2565_/X
  _2566_/A
 _2566_/X
  _2568_/A
  _2839_/A2
  _2859_/A2
  _2875_/B
  _2880_/C1
  _2881_/A1
  _2889_/S
 _2567_/Y
  _2568_/B
 _2568_/X
  _2838_/A
  _2870_/A1
  _2888_/A
 _2569_/Y
  _2573_/A
 _2570_/Y
  _2572_/A
  _2598_/A
  _2599_/A
 _2571_/Y
  _2572_/B
  _2598_/B
  _2599_/B
 _2572_/Y
  _2573_/B
 _2573_/Y
  _2597_/A1
  _2612_/A
 _2574_/Y
  _2580_/A2
  _2581_/A1
 _2575_/X
  _2581_/A2
  _2589_/A1
 _2576_/X
  _2578_/A2
 _2577_/X
  _2578_/B1
 _2578_/X
  _2581_/B1
 _2579_/Y
  _2580_/B1
 _2580_/X
  _2581_/B2
 _2581_/X
  _2590_/A2
 _2582_/Y
  _2590_/B1
  _2640_/A
 _2583_/Y
  _2584_/A1
  _2586_/C
  _2618_/B
 _2584_/X
  _2585_/B1
 _2585_/X
  _2590_/B2
 _2586_/X
  _2589_/A2
 _2587_/X
  _2589_/A3
 _2588_/X
  _2589_/A4
 _2589_/X
  _2590_/C1
 _2590_/Y
  _2597_/A2
  _2612_/B
 _2591_/X
  _2595_/A3
  _2621_/S
  _2623_/B1
 _2592_/Y
  _2594_/A2
 _2593_/X
  _2594_/B1
 _2594_/Y
  _2595_/B1
 _2595_/X
  _2596_/B1
 _2596_/Y
  _2597_/B1
 _2597_/X
  _2608_/A
  _2609_/B1
  _2702_/A2
  _2703_/A2
 _2598_/Y
  _2600_/A3
  _2602_/A3
 _2599_/Y
  _2600_/B1
  _2602_/B1
 _2600_/X
  _2601_/B
  _2605_/B
 _2601_/X
  _2604_/A0
 _2602_/Y
  _2603_/B
  _2606_/B
  _2702_/A1
  _2703_/A1
 _2603_/Y
  _2604_/A1
 _2604_/X
  _2608_/B
  _2609_/A1
 _2605_/Y
  _2607_/A0
 _2606_/X
  _2607_/A1
 _2607_/X
  _2608_/C
  _2609_/A2
 _2608_/X
  _2610_/A
  _2693_/A1_N
  _2694_/A
 _2609_/Y
  _2610_/B
  _2693_/A2_N
  _2694_/B
 _2610_/X
  _2611_/A
 _2611_/X
  _2633_/A
  _2695_/A1
  _2799_/A
 _2612_/Y
  _2629_/A1
  _2630_/B
  _2631_/A
  _2683_/A
  _2691_/A2
  _2693_/B2
 _2613_/Y
  _2617_/A
 _2614_/Y
  _2616_/A
  _2624_/A
  _2625_/A
 _2615_/Y
  _2616_/B
  _2624_/B
  _2625_/B
 _2616_/Y
  _2617_/B
 _2617_/Y
  _2623_/A1_N
  _2653_/A
 _2618_/Y
  _2622_/A
  _2623_/B2
 _2619_/Y
  _2621_/A0
 _2620_/X
  _2621_/A1
 _2621_/X
  _2622_/B
 _2622_/X
  _2623_/A2_N
  _2653_/B
 _2623_/X
  _2627_/A
  _2628_/A
  _2682_/A
  _2690_/A
 _2624_/Y
  _2626_/A3
 _2625_/Y
  _2626_/B1
 _2626_/X
  _2627_/B
  _2628_/B
  _2681_/B
  _2692_/B
 _2627_/Y
  _2629_/A2
  _2631_/B
 _2628_/Y
  _2629_/B1
  _2630_/A
 _2629_/Y
  _2632_/A2
  _2694_/C
 _2630_/Y
  _2632_/B1
 _2631_/X
  _2632_/C1
 _2632_/X
  _2633_/B
  _2799_/B
 _2633_/X
  _2700_/A1
  _2707_/A1
 _2634_/Y
  _2638_/A
  _2747_/A1
 _2635_/Y
  _2637_/A
 _2636_/Y
  _2637_/B
 _2637_/X
  _2638_/B
 _2638_/Y
  _2641_/A
  _2651_/B
  _2652_/A1
 _2639_/Y
  _2640_/B
 _2640_/X
  _2641_/B
  _2651_/C
  _2652_/A2
 _2641_/Y
  _2643_/A
  _2678_/A1
  _2679_/A1
  _2713_/A1
  _2714_/B1
  _2716_/S
  _2722_/A
 _2642_/Y
  _2643_/B
  _2678_/A2
  _2679_/A2
  _2719_/A
 _2643_/X
  _2680_/A1
 _2644_/X
  _2646_/A3
 _2645_/X
  _2646_/B1
 _2646_/X
  _2650_/A
  _2684_/A2
  _2685_/A2
 _2647_/Y
  _2649_/A
  _2786_/A1
 _2648_/Y
  _2649_/B
  _2684_/B1_N
 _2649_/Y
  _2650_/B
 _2650_/Y
  _2651_/A
  _2652_/B1
 _2651_/Y
  _2654_/A1
  _2655_/B
  _2686_/B1_N
 _2652_/X
  _2654_/A2
  _2655_/C
  _2686_/A2
 _2653_/X
  _2654_/B1_N
  _2655_/A_N
  _2686_/A1
 _2654_/X
  _2675_/A1
  _2678_/B2
  _2711_/A
 _2655_/Y
  _2675_/A2
  _2678_/B1
  _2711_/B
 _2656_/Y
  _2658_/A
  _2660_/A
  _2670_/A
  _2671_/A
  _2723_/A
  _2724_/A
 _2657_/X
  _2658_/B
  _2668_/A1
  _2670_/B
  _2723_/B
 _2658_/X
  _2664_/A0
 _2659_/Y
  _2660_/B
  _2671_/B
  _2724_/B
 _2660_/X
  _2664_/A1
 _2661_/Y
  _2663_/A
 _2662_/Y
  _2663_/B
 _2663_/Y
  _2664_/S
  _2672_/S
  _2725_/S
 _2664_/X
  _2669_/A
  _2726_/A
  _2741_/A
  _2742_/A1
 _2665_/Y
  _2669_/B
  _2673_/A
  _2676_/A
  _2719_/B
 _2666_/X
  _2668_/A2
 _2667_/X
  _2668_/B1
 _2668_/Y
  _2669_/C
  _2673_/B
  _2676_/B
  _2720_/A
 _2669_/X
  _2675_/A3
 _2670_/Y
  _2672_/A0
 _2671_/Y
  _2672_/A1
 _2672_/X
  _2674_/A
  _2677_/A1
  _2712_/A
  _2715_/A
  _2721_/A
 _2673_/Y
  _2674_/B
  _2677_/B1
 _2674_/Y
  _2675_/B1
  _2714_/C1
  _2716_/A1
 _2675_/X
  _2680_/A2
 _2676_/Y
  _2677_/A2
  _2712_/B
  _2715_/B
 _2677_/Y
  _2678_/A3
  _2679_/B1
  _2713_/A2
  _2714_/B2
 _2678_/X
  _2680_/B1
 _2679_/X
  _2680_/B2
 _2680_/X
  _2689_/A
  _2798_/B1
  _2912_/A
 _2681_/X
  _2682_/B
 _2682_/Y
  _2683_/B
 _2683_/Y
  _2688_/A
  _2698_/A1
 _2684_/X
  _2685_/B1
 _2685_/Y
  _2687_/A
  _2696_/A
  _2697_/A
 _2686_/Y
  _2687_/B
  _2696_/B
  _2697_/B
 _2687_/Y
  _2688_/B
 _2688_/Y
  _2689_/B
  _2798_/A1
  _2801_/B1
  _2912_/B
 _2689_/Y
  _2700_/A2
  _2707_/A2
 _2690_/Y
  _2691_/A1
  _2693_/B1
 _2691_/Y
  _2695_/A2
 _2692_/X
  _2695_/B1
 _2693_/Y
  _2695_/B2
 _2694_/X
  _2695_/C1
 _2695_/X
  _2700_/B1
  _2708_/A
  _2802_/A1
  _2893_/A
  _2903_/A
 _2696_/X
  _2698_/A2
 _2697_/X
  _2698_/B1
 _2698_/X
  _2699_/A
  _2800_/A1
  _2901_/A1
  _2902_/A1
 _2699_/Y
  _2700_/C1
  _2707_/C1
  _2907_/A
 _2700_/X
  _2710_/A1
  _2895_/A
 _2701_/Y
  _2702_/B1
 _2702_/X
  _2703_/B1
 _2703_/Y
  _2706_/A
  _2709_/B
 _2704_/Y
  _2705_/B
 _2705_/Y
  _2706_/B
  _2709_/A_N
 _2706_/Y
  _2707_/B1
  _2708_/B
  _2802_/A2
  _2893_/B
  _2903_/B
 _2707_/X
  _2710_/A2
  _2895_/B
 _2708_/X
  _2710_/A3
  _2895_/C
 _2709_/X
  _2710_/B1
  _2802_/B1
  _2897_/B
 _2710_/X
  _2838_/B
  _2864_/C_N
  _2870_/A2
  _2878_/A
  _2888_/B
 _2711_/Y
  _2718_/A
 _2712_/Y
  _2713_/B1
 _2713_/Y
  _2717_/A1
 _2714_/X
  _2717_/A2
 _2715_/X
  _2716_/A0
 _2716_/X
  _2717_/B1
 _2717_/Y
  _2718_/B
 _2718_/Y
  _2738_/A
  _2797_/B1
  _2917_/A
 _2719_/X
  _2720_/B
 _2720_/Y
  _2721_/B
 _2721_/Y
  _2722_/B
 _2722_/Y
  _2737_/A1
  _2794_/A
 _2723_/Y
  _2725_/A0
 _2724_/Y
  _2725_/A1
 _2725_/X
  _2726_/B
  _2741_/B
  _2742_/A2
 _2726_/Y
  _2735_/A1
  _2736_/D
  _2793_/S
 _2727_/X
  _2729_/A3
  _2753_/A
 _2728_/X
  _2729_/B1
 _2729_/Y
  _2732_/A
  _2733_/A1
  _2734_/A1
  _2736_/A
  _2740_/A
  _2791_/A
 _2730_/Y
  _2732_/B
  _2733_/A2
  _2734_/A2
  _2736_/B
  _2739_/A
  _2791_/B
 _2731_/Y
  _2732_/C
  _2733_/B1
  _2736_/C
  _2739_/B
  _2791_/C
 _2732_/X
  _2735_/A2
  _2792_/A
 _2733_/X
  _2734_/B1
 _2734_/Y
  _2735_/B1_N
  _2793_/A1
 _2735_/X
  _2737_/A2
 _2736_/X
  _2737_/B1
 _2737_/X
  _2738_/B
  _2797_/B2
  _2917_/B
 _2738_/X
  _2798_/A2
  _2800_/A2
  _2801_/A1
  _2911_/A
  _2918_/A
 _2739_/X
  _2740_/B
 _2740_/Y
  _2741_/C
  _2742_/B1
 _2741_/X
  _2743_/A
  _2788_/A1
  _2789_/A
 _2742_/Y
  _2743_/B
  _2788_/A2
  _2789_/B
 _2743_/Y
  _2761_/A1
 _2744_/X
  _2747_/A2
 _2745_/Y
  _2747_/B1
  _2770_/A
 _2746_/Y
  _2747_/C1
  _2752_/A1
  _2754_/D
  _2780_/B2
 _2747_/X
  _2756_/A1
  _2760_/A
  _2786_/C1
 _2748_/Y
  _2756_/A2
  _2758_/A1
  _2760_/C
  _2781_/B
  _2787_/A1
 _2749_/X
  _2752_/A2
  _2782_/A
 _2750_/Y
  _2752_/B1
  _2753_/B
  _2780_/A1
 _2751_/X
  _2752_/C1
  _2780_/A2
 _2752_/X
  _2755_/A1
 _2753_/Y
  _2755_/A2
 _2754_/X
  _2755_/B1_N
 _2755_/X
  _2756_/B1
  _2758_/A2
  _2786_/A3
  _2787_/A2
 _2756_/X
  _2759_/A
 _2757_/Y
  _2758_/B1
  _2760_/B
  _2781_/A
  _2786_/B1
 _2758_/X
  _2759_/B
 _2759_/Y
  _2761_/A2
 _2760_/Y
  _2761_/B1
  _2787_/B1
 _2761_/Y
  _2795_/A1
  _2796_/A
  _2922_/A
 _2762_/Y
  _2764_/A
 _2763_/Y
  _2764_/B
 _2764_/X
  _2765_/A3
  _2767_/A
  _2773_/A
  _2774_/A
 _2765_/X
  _2768_/A
 _2766_/Y
  _2767_/B_N
  _2772_/B
 _2767_/X
  _2768_/B
 _2768_/Y
  _2784_/A1
  _2785_/A
  _2932_/A
 _2769_/X
  _2770_/B_N
  _2777_/B1
 _2770_/X
  _2778_/A1
 _2771_/Y
  _2772_/A
 _2772_/Y
  _2773_/B
  _2774_/B
 _2773_/Y
  _2778_/A2
 _2774_/X
  _2778_/A3
 _2775_/X
  _2776_/B1
 _2776_/X
  _2777_/A2
 _2777_/Y
  _2778_/B1
 _2778_/X
  _2784_/A2
  _2785_/B
  _2932_/B
 _2779_/X
  _2780_/B1
 _2780_/X
  _2783_/A
 _2781_/Y
  _2782_/B
 _2782_/Y
  _2783_/B
 _2783_/X
  _2784_/B1
  _2934_/A
 _2784_/X
  _2790_/A1
  _2928_/A
 _2785_/X
  _2790_/A2
  _2928_/B
  _2933_/B
 _2786_/X
  _2788_/B1
  _2789_/C
 _2787_/X
  _2788_/B2
  _2789_/D
 _2788_/X
  _2790_/B1
  _2927_/A
 _2789_/Y
  _2790_/C1
  _2927_/B
 _2790_/X
  _2795_/A2
  _2796_/B
  _2922_/B
 _2791_/Y
  _2792_/B
 _2792_/Y
  _2793_/A0
 _2793_/X
  _2794_/B
 _2794_/X
  _2795_/B1
  _2923_/B
  _2924_/B1
 _2795_/Y
  _2797_/A1_N
  _2916_/A
 _2796_/Y
  _2797_/A2_N
  _2916_/B
  _2923_/C
  _2924_/A2
 _2797_/X
  _2798_/A3
  _2800_/A3
  _2801_/A2
  _2911_/B
 _2798_/X
  _2803_/A
  _2894_/A
  _2901_/A2
 _2799_/Y
  _2800_/B1
  _2901_/B1
  _2907_/B
 _2800_/X
  _2803_/B
  _2896_/A1
 _2801_/X
  _2803_/C
  _2894_/B
  _2901_/A3
 _2802_/Y
  _2803_/D
 _2803_/Y
  _2838_/C
  _2864_/D_N
  _2870_/A3
  _2878_/B
  _2888_/C
 _2804_/Y
  _2805_/B
  _2856_/A1
 _2805_/Y
  _2812_/A3
 _2806_/Y
  _2811_/A4
 _2807_/Y
  _2810_/A2
 _2808_/X
  _2810_/B1
 _2809_/Y
  _2810_/C1
  _2817_/A2
  _2822_/A2
 _2810_/Y
  _2811_/B1
 _2811_/X
  _2812_/B1
 _2812_/X
  _2813_/B1
 _2813_/Y
  _2824_/A
  _2825_/A
  _2850_/B1
  _2855_/A2
  _2856_/A2
 _2814_/Y
  _2815_/B1
 _2815_/X
  _2819_/A3
 _2816_/X
  _2817_/B1
  _2851_/A2
 _2817_/X
  _2818_/B
 _2818_/Y
  _2819_/B1
 _2819_/X
  _2823_/B1
 _2820_/X
  _2821_/C1
 _2821_/X
  _2822_/B1
 _2822_/Y
  _2823_/C1
 _2823_/X
  _2824_/B
  _2825_/B
  _2884_/A0
 _2824_/Y
  _2834_/A
  _2835_/A
  _2865_/S
  _2869_/B1
  _2874_/A
  _2884_/A1
  _2885_/A0
 _2825_/X
  _2834_/B
  _2835_/B
  _2858_/A2
  _2859_/B1
  _2869_/A2
  _2876_/A
  _2880_/A1
  _2885_/A1
 _2826_/Y
  _2829_/A1
 _2827_/Y
  _2828_/B
 _2828_/Y
  _2829_/B1
 _2829_/X
  _2833_/A2
 _2830_/Y
  _2831_/A2
 _2831_/X
  _2832_/C1
 _2832_/X
  _2833_/B1
 _2833_/Y
  _2834_/C_N
  _2836_/A
  _2839_/A1
  _2858_/A1
  _2859_/A1
  _2864_/A
  _2869_/A1
  _2874_/B_N
  _2882_/A1
 _2834_/X
  _2837_/A
  _2889_/A0
 _2835_/X
  _2836_/B_N
  _2839_/B1
  _2882_/A2
 _2836_/X
  _2837_/B
 _2837_/Y
  _2838_/D
  _2889_/A1
 _2838_/X
  _2849_/A1
  _2868_/S
 _2839_/Y
  _2849_/A2
 _2840_/X
  _2841_/B1
 _2841_/Y
  _2848_/A2
 _2842_/X
  _2843_/B
 _2843_/Y
  _2848_/B1
  _2850_/A2
 _2844_/X
  _2845_/B
 _2845_/Y
  _2847_/A1
  _2850_/A1
 _2846_/Y
  _2847_/A2
 _2847_/X
  _2848_/C1
 _2848_/X
  _2849_/B1
  _2862_/S
  _2866_/A
  _2867_/A
  _2875_/C
  _2876_/B
  _2880_/B1
  _2882_/A3
  _2884_/S
  _2885_/S
 _2849_/X
  _2854_/B1
 _2850_/Y
  _2852_/B1
 _2851_/X
  _2852_/C1
 _2852_/X
  _2853_/A
  _2857_/B1
 _2853_/X
  _2854_/B2
 _2854_/X
  _3792_/D
 _2855_/X
  _2856_/B1
 _2856_/X
  _2857_/A3
 _2857_/Y
  _2858_/B1
  _2860_/A
  _2871_/B1
 _2858_/Y
  _2862_/A0
 _2859_/Y
  _2861_/A
  _2870_/B1
 _2860_/Y
  _2861_/B
  _2866_/B
  _2867_/B
 _2861_/Y
  _2862_/A1
 _2862_/X
  _2865_/A0
 _2863_/Y
  _2864_/B
  _2877_/A
  _2880_/A2
  _2897_/A
 _2864_/X
  _2865_/A1
  _2886_/S
 _2865_/X
  _2873_/A2
 _2866_/X
  _2868_/A0
 _2867_/Y
  _2868_/A1
 _2868_/X
  _2873_/A3
 _2869_/X
  _2871_/A1
 _2870_/Y
  _2871_/A2
 _2871_/Y
  _2873_/A4
 _2872_/Y
  _2873_/B1
 _2873_/Y
  _3791_/D
 _2874_/X
  _2875_/A_N
  _2877_/B
  _2882_/B1
 _2875_/X
  _2879_/A0
 _2876_/X
  _2877_/C
  _2881_/A2
 _2877_/Y
  _2879_/A1
 _2878_/X
  _2879_/S
 _2879_/X
  _2887_/A1
 _2880_/X
  _2881_/B1_N
 _2881_/X
  _2882_/B2
 _2882_/X
  _2883_/B
 _2883_/Y
  _2887_/A2
 _2884_/X
  _2886_/A0
 _2885_/X
  _2886_/A1
 _2886_/X
  _2887_/A3
 _2887_/X
  _3790_/D
 _2888_/X
  _2890_/A
 _2889_/X
  _2890_/B
 _2890_/X
  _2891_/A1
 _2891_/X
  _2892_/A
 _2892_/X
  _3789_/D
 _2893_/Y
  _2896_/A2
 _2894_/X
  _2896_/A3
  _2902_/A2
  _2908_/A
 _2895_/Y
  _2896_/B1
 _2896_/X
  _2898_/A
 _2897_/Y
  _2898_/B
 _2898_/Y
  _2899_/A1
 _2899_/X
  _2900_/A
 _2900_/X
  _3788_/D
 _2901_/X
  _2902_/B1
 _2902_/Y
  _2904_/A
 _2903_/Y
  _2904_/B
 _2904_/Y
  _2905_/A1
 _2905_/X
  _2906_/A
 _2906_/X
  _3787_/D
 _2907_/Y
  _2908_/B
 _2908_/Y
  _2909_/A1
 _2909_/X
  _2910_/A
 _2910_/X
  _3786_/D
 _2911_/X
  _2913_/A
 _2912_/X
  _2913_/B
 _2913_/Y
  _2914_/A1
 _2914_/X
  _2915_/A
 _2915_/X
  _3785_/D
 _2916_/Y
  _2919_/A
 _2917_/Y
  _2918_/B
 _2918_/X
  _2919_/B
 _2919_/Y
  _2920_/A1
 _2920_/X
  _2921_/A
 _2921_/X
  _3784_/D
 _2922_/X
  _2923_/A
  _2924_/A1
 _2923_/X
  _2926_/A2
 _2924_/Y
  _2926_/A3
 _2925_/X
  _2926_/B1
 _2926_/X
  _3783_/D
 _2927_/X
  _2929_/A
 _2928_/X
  _2929_/B
 _2929_/X
  _2930_/A1
 _2930_/X
  _2931_/A
 _2931_/X
  _3782_/D
 _2932_/Y
  _2933_/A
 _2933_/X
  _2934_/B
 _2934_/Y
  _2935_/A1
 _2935_/X
  _2936_/A
 _2936_/X
  _3781_/D
 _2937_/Y
  _3042_/A2
  _3107_/B2
  _3117_/B2
  _3131_/B2
  _3143_/B2
  _3153_/A1
  _3165_/B2
  _3173_/B2
  _3182_/A1
  _3222_/B2
 _2938_/X
  _2939_/B
  _2958_/B
 _2939_/X
  _2947_/A
  _3001_/B
  _3213_/A
 _2940_/X
  _2941_/A
 _2941_/X
  _2944_/A1
  _2950_/B
  _2954_/B
  _2961_/A1
  _2962_/B
  _3055_/A
  _3091_/B
 _2942_/X
  _2944_/A2
  _2954_/C
  _2961_/A2
  _2962_/C
  _2973_/C1
  _3017_/A
  _3055_/B
 _2943_/X
  _2944_/B1
  _3088_/B1
 _2944_/X
  _2947_/B
  _2969_/B2
  _3093_/C1
  _3192_/C1
 _2945_/X
  _2946_/B
  _2953_/B
 _2946_/X
  _2947_/C
  _2959_/B
  _3059_/A2
  _3084_/A2
  _3093_/B1
  _3191_/A
 _2947_/X
  _2952_/A1
  _3073_/A
  _3096_/A1
 _2948_/Y
  _2949_/A0
  _3024_/B
 _2949_/X
  _2951_/A
  _2959_/C
  _3038_/A1
  _3092_/A
  _3191_/B
  _3199_/A2
  _3208_/B2
  _3214_/A1
  _3218_/B2
 _2950_/Y
  _2951_/B
  _2960_/A2
  _2998_/A2
  _3073_/B
  _3192_/A2
  _3209_/A1
  _3214_/B2
  _3218_/A1
 _2951_/Y
  _2952_/A2
 _2952_/Y
  _2984_/A1
  _3003_/A
  _3193_/B1
  _3205_/A1
  _3210_/A1
  _3215_/A1
 _2953_/Y
  _2960_/A1
  _2969_/A1
  _3183_/B
  _3192_/A1
  _3208_/A1
 _2954_/X
  _2955_/A
 _2955_/X
  _2956_/B
  _2967_/B
  _2968_/B2
  _3036_/A3
  _3097_/A1
  _3174_/B
  _3188_/B1
  _3201_/C
 _2956_/Y
  _2957_/C
 _2957_/X
  _2969_/A2
  _3074_/A
  _3085_/A
  _3159_/A0
  _3204_/A2
  _3209_/A2
  _3214_/A2
 _2958_/Y
  _2959_/A
  _2964_/A2
  _3093_/A1
  _3192_/B2
  _3204_/A1
  _3209_/B2
 _2959_/X
  _2960_/B1
 _2960_/X
  _2969_/B1
 _2961_/X
  _2963_/A
  _3088_/A1
 _2962_/Y
  _2963_/B
  _3088_/A2
 _2963_/X
  _2965_/A
  _3204_/B1
 _2964_/X
  _2965_/B
 _2965_/Y
  _2968_/A2
 _2966_/X
  _2968_/B1
 _2967_/Y
  _2968_/C1
  _3089_/B
 _2968_/Y
  _2969_/C1
 _2969_/X
  _2984_/A2
 _2970_/X
  _2973_/A2
  _3005_/A2
 _2971_/Y
  _2972_/B1
  _2982_/A
 _2972_/X
  _2973_/B1
  _3005_/B1
 _2973_/X
  _2974_/B
  _2991_/B
  _3004_/B
  _3010_/B
 _2974_/X
  _2976_/B1
  _2978_/B
  _2980_/B
  _3009_/B
 _2975_/X
  _2976_/C1
  _3097_/A2
  _3174_/C
 _2976_/X
  _2977_/B
  _3035_/D1
  _3047_/A2
  _3048_/A2
  _3178_/A
  _3179_/A
 _2977_/X
  _2984_/B1
  _2998_/B1
  _3002_/C1
  _3008_/A
  _3013_/C1
 _2978_/Y
  _2979_/B
 _2979_/X
  _2983_/A0
 _2980_/Y
  _2981_/B
 _2981_/X
  _2983_/A1
 _2982_/X
  _2983_/S
  _2987_/A1
  _2992_/S0
  _2998_/A1
  _3007_/S
  _3018_/A
  _3024_/A
  _3025_/A
  _3029_/A1
  _3031_/A1
 _2983_/X
  _2984_/B2
 _2984_/Y
  _3040_/A1
  _3196_/A1
 _2985_/X
  _2987_/A2
  _3189_/A2
 _2986_/X
  _2987_/B1
 _2987_/X
  _2994_/A1
 _2988_/X
  _2992_/A2
 _2989_/X
  _2992_/A3
 _2990_/X
  _2991_/C
 _2991_/X
  _2992_/S1
 _2992_/X
  _2993_/A
 _2993_/Y
  _2994_/A2
 _2994_/X
  _3003_/B
  _3194_/B
 _2995_/X
  _2997_/B
 _2996_/Y
  _2997_/C
 _2997_/X
  _2998_/C1
 _2998_/X
  _3003_/C
  _3219_/B1
 _2999_/X
  _3000_/B
  _3005_/C1
 _3000_/Y
  _3002_/A2
 _3001_/Y
  _3002_/B1
 _3002_/X
  _3003_/D
  _3215_/B1
 _3003_/Y
  _3014_/A
 _3004_/Y
  _3007_/A0
 _3005_/X
  _3006_/B
 _3006_/Y
  _3007_/A1
 _3007_/X
  _3008_/B
 _3008_/Y
  _3014_/B
  _3210_/B1_N
 _3009_/Y
  _3013_/A2
 _3010_/Y
  _3011_/B
 _3011_/Y
  _3012_/B
 _3012_/Y
  _3013_/B1
 _3013_/X
  _3014_/C_N
  _3205_/B1
 _3014_/X
  _3040_/A2
 _3015_/X
  _3017_/B
 _3016_/X
  _3017_/C
 _3017_/X
  _3018_/C
  _3020_/B
  _3028_/A
 _3018_/X
  _3023_/A1
 _3019_/Y
  _3022_/B
  _3031_/A3
 _3020_/Y
  _3021_/B
 _3021_/X
  _3022_/D
 _3022_/X
  _3023_/A2
 _3023_/Y
  _3039_/A1
 _3024_/Y
  _3026_/B1
 _3025_/X
  _3026_/C1
  _3034_/A
 _3026_/X
  _3032_/A1
  _3035_/A1
 _3027_/Y
  _3028_/B
 _3028_/Y
  _3035_/A2
 _3029_/Y
  _3032_/A2
 _3030_/X
  _3031_/B1
 _3031_/X
  _3032_/B1
 _3032_/X
  _3035_/B1
  _3222_/A2
 _3033_/X
  _3034_/B
 _3034_/Y
  _3035_/C1
 _3035_/X
  _3039_/A2
 _3036_/X
  _3037_/A
  _3059_/B1
  _3070_/A
  _3084_/B1
  _3157_/A
  _3213_/B
 _3037_/Y
  _3038_/A2
  _3208_/A2
  _3218_/A2
 _3038_/Y
  _3039_/B1
  _3222_/A1
 _3039_/X
  _3040_/A3
 _3040_/X
  _3041_/A
 _3041_/X
  _3042_/B2
  _3107_/A1
  _3117_/A1
  _3131_/A1
  _3143_/A1
  _3153_/B1
  _3165_/A1
  _3173_/A1
  _3182_/B1
  _3222_/A3
 _3042_/X
  _3780_/D
 _3043_/Y
  _3044_/A
  _3180_/A
 _3044_/X
  _3054_/A
  _3106_/C1
  _3116_/B1
  _3130_/A
  _3140_/D1
  _3152_/A1
  _3164_/B1
  _3167_/B1
  _3172_/C1
  _3219_/A1
 _3045_/Y
  _3052_/A
  _3072_/S
  _3081_/A
  _3104_/A
  _3109_/A
  _3110_/B1
  _3111_/A
  _3115_/A
 _3046_/X
  _3051_/A
  _3064_/B
 _3047_/X
  _3048_/B1
 _3048_/X
  _3049_/C
  _3162_/B
  _3166_/B
 _3049_/X
  _3050_/A
 _3050_/X
  _3051_/B
  _3128_/C
  _3141_/A2
  _3144_/B
  _3164_/A1
 _3051_/Y
  _3052_/B
  _3115_/B
 _3052_/Y
  _3053_/B
  _3116_/A1
 _3053_/Y
  _3054_/B
 _3054_/Y
  _3107_/A2
 _3055_/X
  _3056_/B
  _3061_/B
  _3185_/B
 _3056_/X
  _3057_/A
  _3184_/B1
  _3199_/A1
 _3057_/Y
  _3059_/A1
  _3084_/A1
 _3058_/Y
  _3059_/A3
  _3084_/A3
  _3198_/A2
 _3059_/X
  _3083_/A1
  _3140_/A1
  _3149_/A1
  _3171_/A0
  _3176_/A
 _3060_/X
  _3061_/C
 _3061_/X
  _3062_/C
  _3068_/B
  _3076_/B
  _3170_/B
 _3062_/X
  _3063_/A
 _3063_/X
  _3064_/A
  _3065_/B
  _3124_/A3
  _3132_/B
  _3145_/B
 _3064_/Y
  _3072_/A0
  _3109_/B
  _3110_/A1
 _3065_/X
  _3066_/B
  _3133_/A1
  _3136_/A1
  _3138_/A1
 _3066_/X
  _3067_/B
  _3118_/A1
  _3120_/A
  _3123_/A
  _3135_/A
 _3067_/X
  _3071_/A
  _3080_/A
  _3086_/B
  _3103_/A
 _3068_/Y
  _3069_/B
  _3079_/A2
  _3100_/C1
 _3069_/Y
  _3070_/B
  _3101_/A1
  _3102_/A1
  _3154_/A
  _3157_/B
 _3070_/X
  _3071_/B
  _3123_/B
  _3133_/A2
  _3148_/A2
  _3149_/A2
  _3160_/A2
 _3071_/X
  _3072_/A1
  _3109_/C
  _3110_/A2
 _3072_/X
  _3083_/A2
  _3087_/A2
 _3073_/X
  _3074_/B
  _3077_/A1
  _3078_/A
  _3085_/B
  _3159_/A1
 _3074_/Y
  _3083_/B1
  _3149_/B1
  _3171_/A1
  _3176_/C
 _3075_/Y
  _3079_/A1
  _3158_/A
 _3076_/X
  _3077_/A2
  _3078_/B
  _3158_/B
 _3077_/X
  _3079_/B1
 _3078_/X
  _3079_/C1
 _3079_/X
  _3080_/B
  _3086_/D
  _3120_/B
  _3138_/A2
  _3148_/B2
  _3149_/B2
 _3080_/Y
  _3081_/B
  _3111_/B
  _3122_/A
 _3081_/Y
  _3083_/B2
  _3112_/A1
 _3082_/Y
  _3083_/C1
  _3087_/C1
 _3083_/X
  _3106_/A1
 _3084_/Y
  _3087_/A1
  _3113_/A1
  _3126_/B2
  _3148_/A1
  _3160_/A1
 _3085_/X
  _3086_/C
  _3112_/B1
  _3126_/A1
  _3139_/B1
  _3148_/B1
 _3086_/X
  _3087_/B1
 _3087_/Y
  _3106_/A2
 _3088_/X
  _3094_/A
  _3096_/B1
  _3208_/B1
 _3089_/X
  _3090_/B
 _3090_/X
  _3094_/B
  _3209_/B1
  _3214_/B1
  _3218_/B1
 _3091_/X
  _3092_/B
  _3198_/A1
 _3092_/X
  _3093_/A2
  _3096_/A2
 _3093_/X
  _3094_/C
  _3101_/B1
  _3154_/B
 _3094_/X
  _3095_/A
  _3114_/A1
  _3127_/A1
  _3151_/A1
  _3175_/B1
 _3095_/Y
  _3106_/B1
  _3137_/B1
  _3161_/A1
  _3172_/A1
 _3096_/Y
  _3098_/A
  _3099_/A
  _3169_/A
 _3097_/Y
  _3098_/B
  _3099_/B
  _3168_/B
  _3175_/A2
  _3176_/D
 _3098_/Y
  _3100_/A2
 _3099_/Y
  _3100_/B1
 _3100_/X
  _3101_/A2
  _3102_/A2
  _3155_/A
  _3156_/A
 _3101_/X
  _3102_/B1
 _3102_/X
  _3103_/B
  _3118_/A2
  _3135_/B
  _3136_/A2
  _3146_/A
  _3147_/A
 _3103_/Y
  _3104_/B
  _3108_/B
  _3119_/A
 _3104_/Y
  _3105_/B
 _3105_/Y
  _3106_/B2
 _3106_/X
  _3107_/A3
 _3107_/X
  _3779_/D
 _3108_/Y
  _3114_/A2
 _3109_/X
  _3113_/A2
 _3110_/Y
  _3113_/A3
 _3111_/X
  _3112_/A2
 _3112_/X
  _3113_/B1
 _3113_/X
  _3114_/B1
 _3114_/Y
  _3117_/A2
 _3115_/X
  _3116_/A2
 _3116_/Y
  _3117_/A3
 _3117_/X
  _3778_/D
 _3118_/X
  _3119_/B
 _3119_/Y
  _3127_/A2
 _3120_/X
  _3121_/B
  _3139_/A1
 _3121_/X
  _3122_/B
 _3122_/Y
  _3126_/A2
 _3123_/Y
  _3124_/B1
 _3124_/X
  _3125_/B
 _3125_/Y
  _3126_/B1
 _3126_/X
  _3127_/B1
 _3127_/Y
  _3131_/A2
 _3128_/Y
  _3129_/B
  _3142_/A1
 _3129_/X
  _3130_/B
 _3130_/Y
  _3131_/A3
 _3131_/X
  _3777_/D
 _3132_/Y
  _3133_/B1
 _3133_/X
  _3134_/B
 _3134_/Y
  _3140_/A2
 _3135_/Y
  _3137_/A1
 _3136_/X
  _3137_/A2
 _3137_/X
  _3140_/B1
 _3138_/Y
  _3139_/A2
 _3139_/Y
  _3140_/C1
 _3140_/X
  _3143_/A2
 _3141_/X
  _3142_/A2
 _3142_/X
  _3143_/A3
 _3143_/X
  _3776_/D
 _3144_/Y
  _3152_/A2
 _3145_/Y
  _3146_/B
  _3147_/B
  _3149_/C1
  _3150_/A1
 _3146_/Y
  _3151_/A2
 _3147_/X
  _3151_/A3
 _3148_/X
  _3150_/A2
 _3149_/X
  _3150_/B1_N
 _3150_/X
  _3151_/B1
 _3151_/X
  _3152_/B1
 _3152_/Y
  _3153_/B2
 _3153_/X
  _3775_/D
 _3154_/X
  _3155_/B
  _3156_/B
 _3155_/X
  _3161_/A2
 _3156_/Y
  _3161_/A3
 _3157_/Y
  _3160_/B1
 _3158_/Y
  _3159_/S
 _3159_/X
  _3160_/C1
 _3160_/Y
  _3161_/B1
 _3161_/X
  _3165_/A2
 _3162_/X
  _3163_/B
  _3167_/A1
 _3163_/Y
  _3164_/A2
 _3164_/Y
  _3165_/A3
 _3165_/X
  _3774_/D
 _3166_/Y
  _3167_/A2
 _3167_/Y
  _3173_/A2
 _3168_/Y
  _3169_/B
 _3169_/Y
  _3172_/A2
 _3170_/Y
  _3171_/S
 _3171_/X
  _3172_/B1
 _3172_/X
  _3173_/A3
 _3173_/X
  _3773_/D
 _3174_/X
  _3175_/A1
  _3176_/B
 _3175_/Y
  _3181_/A2
 _3176_/X
  _3181_/A3
 _3177_/X
  _3178_/B
  _3179_/B
 _3178_/X
  _3180_/B
 _3179_/Y
  _3180_/C
 _3180_/X
  _3181_/B1
 _3181_/X
  _3182_/B2
 _3182_/X
  _3772_/D
 _3183_/Y
  _3184_/A2
  _3203_/A
 _3184_/X
  _3190_/A2
 _3185_/Y
  _3189_/A1
  _3202_/A2
 _3186_/X
  _3189_/A3
 _3187_/Y
  _3188_/C1
 _3188_/X
  _3189_/B1
 _3189_/X
  _3190_/B1
 _3190_/Y
  _3193_/A1
 _3191_/X
  _3192_/B1
 _3192_/X
  _3193_/A2
 _3193_/Y
  _3195_/B1
 _3194_/Y
  _3195_/B2
 _3195_/X
  _3771_/D
 _3196_/X
  _3197_/A
 _3197_/X
  _3770_/D
 _3198_/Y
  _3204_/B2
 _3199_/X
  _3200_/B
 _3200_/Y
  _3202_/B1
 _3201_/X
  _3202_/C1
 _3202_/X
  _3203_/B
 _3203_/Y
  _3204_/C1
 _3204_/X
  _3205_/A2
 _3205_/Y
  _3206_/A1
 _3206_/X
  _3207_/A
 _3207_/X
  _3769_/D
 _3208_/X
  _3209_/C1
 _3209_/X
  _3210_/A2
 _3210_/Y
  _3211_/A1
 _3211_/X
  _3212_/A
 _3212_/X
  _3768_/D
 _3213_/Y
  _3214_/C1
 _3214_/X
  _3215_/A2
 _3215_/Y
  _3216_/A1
 _3216_/X
  _3217_/A
 _3217_/X
  _3767_/D
 _3218_/X
  _3219_/A2
 _3219_/X
  _3220_/B1_N
 _3220_/X
  _3221_/A
 _3221_/X
  _3766_/D
 _3222_/X
  _3765_/D
 _3223_/Y
  _1959_/A1
  _3224_/A
 _3224_/X
  _3225_/A
 _3225_/X
  _1953_/S
  _3226_/A
  _3243_/A
  _3264_/A
  _3285_/S
  _3287_/S
  _3289_/S
  _3291_/S
 _3226_/X
  _1964_/B1
  _3227_/S
  _3229_/S
  _3231_/S
  _3233_/S
  _3235_/S
  _3237_/S
  _3239_/S
  _3241_/S
  _3676_/D
 _3227_/X
  _3228_/A
 _3228_/X
  _3764_/D
 _3229_/X
  _3230_/A
 _3230_/X
  _3763_/D
 _3231_/X
  _3232_/A
 _3232_/X
  _3762_/D
 _3233_/X
  _3234_/A
 _3234_/X
  _3761_/D
 _3235_/X
  _3236_/A
 _3236_/X
  _3760_/D
 _3237_/X
  _3238_/A
 _3238_/X
  _3759_/D
 _3239_/X
  _3240_/A
 _3240_/X
  _3758_/D
 _3241_/X
  _3242_/A
 _3242_/X
  _3757_/D
 _3243_/X
  _3244_/S
  _3246_/S
  _3248_/S
  _3250_/S
  _3252_/S
  _3254_/S
  _3256_/S
  _3258_/S
  _3260_/S
  _3262_/S
 _3244_/X
  _3245_/A
 _3245_/X
  _3756_/D
 _3246_/X
  _3247_/A
 _3247_/X
  _3755_/D
 _3248_/X
  _3249_/A
 _3249_/X
  _3754_/D
 _3250_/X
  _3251_/A
 _3251_/X
  _3753_/D
 _3252_/X
  _3253_/A
 _3253_/X
  _3752_/D
 _3254_/X
  _3255_/A
 _3255_/X
  _3751_/D
 _3256_/X
  _3257_/A
 _3257_/X
  _3750_/D
 _3258_/X
  _3259_/A
 _3259_/X
  _3749_/D
 _3260_/X
  _3261_/A
 _3261_/X
  _3748_/D
 _3262_/X
  _3263_/A
 _3263_/X
  _3747_/D
 _3264_/X
  _3265_/S
  _3267_/S
  _3269_/S
  _3271_/S
  _3273_/S
  _3275_/S
  _3277_/S
  _3279_/S
  _3281_/S
  _3283_/S
 _3265_/X
  _3266_/A
 _3266_/X
  _3746_/D
 _3267_/X
  _3268_/A
 _3268_/X
  _3745_/D
 _3269_/X
  _3270_/A
 _3270_/X
  _3744_/D
 _3271_/X
  _3272_/A
 _3272_/X
  _3743_/D
 _3273_/X
  _3274_/A
 _3274_/X
  _3742_/D
 _3275_/X
  _3276_/A
 _3276_/X
  _3741_/D
 _3277_/X
  _3278_/A
 _3278_/X
  _3740_/D
 _3279_/X
  _3280_/A
 _3280_/X
  _3739_/D
 _3281_/X
  _3282_/A
 _3282_/X
  _3738_/D
 _3283_/X
  _3284_/A
 _3284_/X
  _3737_/D
 _3285_/X
  _3286_/A
 _3286_/X
  _3736_/D
 _3287_/X
  _3288_/A
 _3288_/X
  _3735_/D
 _3289_/X
  _3290_/A
 _3290_/X
  _3734_/D
 _3291_/X
  _3292_/A
 _3292_/X
  _3733_/D
 _3293_/X
  _3294_/B
  _3353_/A0
  _3357_/B
 _3294_/X
  _3295_/A
  _3386_/B
  _3438_/S
  _3454_/S
  _3481_/S
 _3295_/X
  _3296_/A1
  _3388_/A1
  _3397_/A1
  _3412_/B2
  _3419_/S
  _3430_/A1
  _3447_/S
  _3461_/A
  _3462_/A1
  _3476_/B2
 _3296_/X
  _3297_/A
 _3297_/X
  _3732_/D
 _3298_/Y
  _1894_/B
  _3346_/A2
  _3347_/B
  _3348_/B
 _3299_/Y
  _3346_/B1
  _3350_/A2
  _3389_/A1
  _3390_/A1
 _3300_/Y
  _3339_/A
  _3345_/A1
  _3391_/A1
  _3411_/A1
 _3301_/Y
  _3302_/A
  _3407_/A1
 _3302_/X
  _3322_/A1
  _3323_/B
  _3342_/A
  _3408_/A
  _3427_/B1
 _3303_/X
  _3308_/A1
  _3310_/A2
  _3403_/B1
  _3458_/A1
 _3304_/Y
  _3305_/B
  _3306_/A2
  _3340_/A
  _3471_/A2
  _3480_/A1
  _3486_/A2
 _3305_/X
  _3308_/A2
  _3310_/A3
  _3458_/A2
  _3473_/B
 _3306_/X
  _3308_/A3
  _3310_/A4
  _3458_/A3
 _3307_/X
  _3308_/B1
  _3309_/A2
  _3335_/C
  _3403_/A1
  _3458_/B1
  _3466_/B
 _3308_/X
  _3314_/A1
  _3317_/A1
  _3423_/A
 _3309_/X
  _3310_/B1
 _3310_/X
  _3314_/A2
  _3317_/A2
  _3423_/B
 _3311_/Y
  _3313_/B
  _3316_/B
  _3319_/B1
  _3320_/C
  _3341_/A
  _3427_/A1
 _3312_/X
  _3313_/C
  _3316_/C
  _3343_/A
  _3406_/B1
  _3424_/A2
  _3451_/A
 _3313_/X
  _3314_/B1
 _3314_/X
  _3322_/A2
  _3325_/A1
 _3315_/Y
  _3316_/A
  _3319_/A1
  _3320_/A
  _3407_/B2
  _3425_/B1
  _3434_/B1
 _3316_/X
  _3317_/B1
 _3317_/X
  _3322_/A3
  _3325_/A2
 _3318_/X
  _3319_/C1
  _3406_/A1
  _3424_/B1
 _3319_/X
  _3321_/A
 _3320_/X
  _3321_/B
  _3408_/B
 _3321_/X
  _3322_/A4
  _3325_/A3
 _3322_/X
  _3345_/A2
  _3391_/A2
  _3417_/A
 _3323_/X
  _3325_/A4
 _3324_/Y
  _3325_/B1
  _3409_/B1
 _3325_/X
  _3345_/A3
  _3391_/A3
  _3417_/B
 _3326_/Y
  _3327_/B
  _3374_/A1
  _3375_/A
 _3327_/Y
  _3345_/B1
  _3391_/B1
  _3410_/C1
 _3328_/X
  _3335_/A
  _3466_/A
 _3329_/X
  _3333_/A
  _3463_/A
 _3330_/X
  _3333_/B
  _3482_/A
 _3331_/X
  _3333_/C
  _3448_/A
 _3332_/Y
  _3333_/D_N
  _3413_/A
 _3333_/X
  _3335_/B
 _3334_/Y
  _3335_/D_N
  _3431_/A
 _3335_/X
  _3344_/A
 _3336_/X
  _3343_/B
  _3451_/B
 _3337_/Y
  _3340_/B
  _3401_/B
  _3402_/A2
  _3467_/B
  _3472_/A2
  _3480_/A0
  _3486_/A3
 _3338_/X
  _3339_/B
 _3339_/Y
  _3340_/C
  _3420_/A
 _3340_/X
  _3343_/C
 _3341_/Y
  _3342_/B
 _3342_/Y
  _3343_/D
  _3439_/A
 _3343_/X
  _3344_/B
 _3344_/Y
  _3345_/C1
 _3345_/Y
  _3346_/C1
  _3389_/A2
  _3390_/A2
 _3346_/X
  _3351_/A
 _3347_/X
  _3350_/A3
  _3384_/A
  _3394_/A1
 _3348_/Y
  _3349_/A
  _3384_/B
  _3393_/B1
 _3349_/Y
  _3350_/B1
 _3350_/X
  _3351_/B
  _3399_/A2
 _3351_/X
  _3352_/A
  _3428_/S
  _3470_/A1
  _3474_/S
 _3352_/X
  _3353_/S
  _3411_/B1
  _3418_/S
  _3437_/S
  _3446_/S
  _3453_/S
  _3459_/B
  _3460_/A
  _3471_/A3
  _3480_/S
 _3353_/X
  _3354_/A1
 _3354_/X
  _3355_/A
 _3355_/X
  _3731_/D
 _3356_/Y
  _3381_/A1
  _3398_/A1
  _3486_/A1
 _3357_/Y
  _3380_/B1
  _3387_/B
  _3396_/C1
  _3399_/B1
  _3429_/A
  _3469_/B1
  _3475_/B
 _3358_/Y
  _3373_/A1
 _3359_/X
  _3363_/A1
 _3360_/X
  _3363_/A2
 _3361_/X
  _3363_/A3
 _3362_/X
  _3363_/B1
 _3363_/X
  _3364_/B
  _3365_/A2
  _3461_/B
 _3364_/X
  _3366_/C1
  _3367_/B1
  _3442_/A
  _3443_/A2
 _3365_/X
  _3366_/D1
  _3367_/C1
  _3442_/B
  _3443_/A3
 _3366_/X
  _3369_/B1
 _3367_/X
  _3369_/C1
 _3368_/X
  _3369_/D1
 _3369_/X
  _3370_/B
  _3371_/A2
  _3438_/A0
 _3370_/Y
  _3373_/A2
  _3430_/A2
 _3371_/Y
  _3373_/A3
  _3430_/A3
 _3372_/Y
  _3373_/B1
 _3373_/X
  _3374_/A2
  _3375_/B
  _3419_/A0
 _3374_/Y
  _3376_/A
  _3387_/C
  _3395_/B
 _3375_/Y
  _3376_/B
  _3382_/A2
  _3383_/A2
 _3376_/X
  _3377_/B1
  _3386_/C
  _3396_/A2
  _3412_/B1
 _3377_/X
  _3379_/B1
 _3378_/X
  _3379_/B2
  _3385_/A0
 _3379_/X
  _3380_/C1
 _3380_/X
  _3381_/B1
 _3381_/X
  _3730_/D
 _3382_/X
  _3383_/B1
 _3383_/Y
  _3385_/A1
 _3384_/Y
  _3385_/S
  _3386_/D
  _3387_/D
  _3395_/C
  _3396_/A3
 _3385_/X
  _3388_/A2
 _3386_/X
  _3388_/B1
 _3387_/Y
  _3388_/D1
 _3388_/X
  _3398_/B1
 _3389_/X
  _3390_/B1
 _3390_/X
  _3394_/A2
 _3391_/X
  _3392_/A2
  _3393_/A2
  _3399_/A1
 _3392_/X
  _3393_/C1
 _3393_/X
  _3394_/B1
 _3394_/Y
  _3397_/A2
 _3395_/Y
  _3396_/B1
 _3396_/X
  _3397_/B1
 _3397_/X
  _3398_/B2
 _3398_/X
  _3729_/D
 _3399_/Y
  _3412_/A1_N
 _3400_/Y
  _1945_/B
  _3401_/A
  _3402_/A1
  _3472_/B1
 _3401_/Y
  _3403_/A2
 _3402_/Y
  _3403_/A3
 _3403_/X
  _3404_/B
  _3405_/A2
  _3460_/B
 _3404_/X
  _3406_/A2
  _3452_/A
 _3405_/X
  _3406_/A3
  _3452_/B
 _3406_/X
  _3407_/C1
  _3434_/A2
  _3435_/A2
  _3446_/A0
 _3407_/X
  _3408_/C
 _3408_/X
  _3409_/A2
  _3410_/A2
  _3416_/A2
  _3428_/A0
 _3409_/X
  _3410_/B1
  _3416_/B1
 _3410_/X
  _3411_/A2
 _3411_/X
  _3412_/A2_N
 _3412_/X
  _3413_/B
 _3413_/Y
  _3414_/A1
 _3414_/X
  _3415_/A
 _3415_/X
  _3728_/D
 _3416_/X
  _3418_/A0
 _3417_/Y
  _3418_/A1
 _3418_/X
  _3419_/A1
 _3419_/X
  _3420_/B
 _3420_/Y
  _3421_/A1
 _3421_/X
  _3422_/A
 _3422_/X
  _3727_/D
 _3423_/X
  _3424_/A1
  _3453_/A1
 _3424_/X
  _3425_/A2
  _3426_/A2
  _3445_/A
 _3425_/X
  _3426_/B1
 _3426_/X
  _3427_/A2
  _3437_/A1
 _3427_/Y
  _3428_/A1
 _3428_/X
  _3429_/B
 _3429_/X
  _3430_/B1
 _3430_/Y
  _3431_/B
 _3431_/Y
  _3432_/A1
 _3432_/X
  _3433_/A
 _3433_/X
  _3726_/D
 _3434_/X
  _3435_/B1
 _3435_/X
  _3436_/A
 _3436_/Y
  _3437_/A0
 _3437_/X
  _3438_/A1
 _3438_/X
  _3439_/B
 _3439_/X
  _3440_/A1
 _3440_/X
  _3441_/A
 _3441_/X
  _3725_/D
 _3442_/X
  _3444_/A2
  _3454_/A0
 _3443_/X
  _3444_/B1
 _3444_/Y
  _3447_/A0
 _3445_/Y
  _3446_/A1
 _3446_/X
  _3447_/A1
 _3447_/X
  _3448_/B
 _3448_/Y
  _3449_/A1
 _3449_/X
  _3450_/A
 _3450_/X
  _3724_/D
 _3451_/Y
  _3455_/A
 _3452_/Y
  _3453_/A0
 _3453_/X
  _3454_/A1
 _3454_/X
  _3455_/B
 _3455_/Y
  _3456_/A1
 _3456_/X
  _3457_/A
 _3457_/X
  _3723_/D
 _3458_/X
  _3459_/A
 _3459_/Y
  _3462_/A2
 _3460_/X
  _3462_/A3
 _3461_/Y
  _3462_/B1
 _3462_/X
  _3463_/B
 _3463_/Y
  _3464_/A1
 _3464_/X
  _3465_/A
 _3465_/X
  _3722_/D
 _3466_/X
  _3477_/A
 _3467_/Y
  _3470_/A2
 _3468_/X
  _3469_/A2
  _3475_/C
  _3481_/A0
 _3469_/Y
  _3470_/B1
 _3470_/Y
  _3471_/B1
 _3471_/X
  _3476_/A2
 _3472_/X
  _3474_/A0
 _3473_/X
  _3474_/A1
 _3474_/X
  _3476_/B1
 _3475_/X
  _3476_/C1
 _3476_/X
  _3477_/B
 _3477_/X
  _3478_/A1
 _3478_/X
  _3479_/A
 _3479_/X
  _3721_/D
 _3480_/X
  _3481_/A1
 _3481_/X
  _3482_/B
 _3482_/X
  _3483_/A1
 _3483_/X
  _3484_/A
 _3484_/X
  _3720_/D
 _3485_/X
  _3486_/B1
 _3486_/X
  _3719_/D
 _3487_/X
  _3488_/A
 _3488_/X
  _3718_/D
 _3489_/X
  _3490_/A
 _3490_/X
  _3717_/D
 _3491_/X
  _3492_/A
 _3492_/X
  _3716_/D
 _3493_/X
  _3494_/A
 _3494_/X
  _3715_/D
 _3495_/X
  _3496_/A
 _3496_/X
  _3714_/D
 _3497_/X
  _3498_/A
 _3498_/X
  _3713_/D
 _3499_/X
  _3500_/A
 _3500_/X
  _3712_/D
 _3501_/X
  _3502_/A
 _3502_/X
  _3711_/D
 _3503_/X
  _3504_/A
 _3504_/X
  _3710_/D
 _3505_/X
  _3506_/A
 _3506_/X
  _3709_/D
 _3507_/X
  _3508_/A
 _3508_/X
  _3708_/D
 _3509_/Y
  _1859_/A
  _1911_/A
  _1929_/A
  _3510_/A
 _3510_/X
  _1843_/C1
  _1845_/A
  _1897_/C1
  _1917_/B2
  _1939_/A
  _1951_/A
  _3512_/A3
  _3579_/A
  _3644_/C1
  _3650_/C1
 _3511_/X
  _3512_/B1
 _3512_/X
  _3707_/D
 _3513_/Y
  _3522_/A1
  _3526_/A1
 _3514_/X
  _3520_/C1
  _3522_/A2
  _3526_/A2
  _3545_/A
  _3618_/A
 _3515_/X
  _3516_/B
  _3518_/A2
  _3545_/B
  _3623_/A
 _3516_/X
  _3519_/B
  _3520_/A1
 _3517_/Y
  _3518_/B1
  _3595_/B1
  _3596_/A
  _3600_/A1
 _3518_/X
  _3519_/C
  _3520_/A2
 _3519_/X
  _3522_/A3
  _3526_/A3
 _3520_/X
  _3522_/B1
  _3526_/B1
 _3521_/X
  _3522_/C1
  _3526_/C1
  _3544_/B1
  _3632_/B2
 _3522_/X
  _3523_/S
  _3659_/A1
  _3662_/A1
 _3523_/X
  _3524_/A1
 _3524_/X
  _3525_/A
 _3525_/X
  _3706_/D
 _3526_/Y
  _3552_/A1
  _3572_/A
  _3581_/A1
  _3609_/A1
  _3614_/A1
 _3527_/X
  _3528_/A
  _3549_/A
  _3606_/A1
  _3646_/A0
 _3528_/X
  _3536_/A1
  _3608_/A
 _3529_/Y
  _3530_/A2
 _3530_/X
  _3536_/A2
  _3608_/B
 _3531_/X
  _1853_/C1
  _3535_/A
  _3616_/A1
  _3663_/C1
 _3532_/X
  _3533_/A
 _3533_/X
  _1853_/A1
  _3535_/B
  _3537_/A2
  _3538_/A2
  _3587_/A
  _3610_/A
  _3615_/A1
  _3660_/A1
  _3661_/D1
  _3662_/C1
 _3534_/X
  _3535_/C
  _3587_/B
  _3660_/B2
  _3661_/C1
  _3663_/A1
 _3535_/X
  _3536_/B1
  _3550_/A_N
  _3658_/A
 _3536_/X
  _3546_/A1
  _3597_/A
  _3599_/A2
  _3656_/A1
 _3537_/X
  _3538_/B1
 _3538_/Y
  _3546_/A2
  _3597_/B
  _3599_/A3
  _3656_/A2
 _3539_/X
  _3542_/A
  _3623_/B
  _3627_/B
  _3630_/B
 _3540_/Y
  _3542_/B
  _3583_/A_N
  _3617_/B1
  _3625_/B1
 _3541_/X
  _3542_/C_N
  _3583_/B
  _3617_/A2
  _3625_/A1
 _3542_/X
  _3545_/C
 _3543_/Y
  _3544_/A1
  _3593_/B1
  _3620_/A
  _3622_/B1
 _3544_/Y
  _3545_/D
 _3545_/X
  _3546_/B1
  _3550_/B_N
  _3656_/B1
  _3658_/B
 _3546_/X
  _3552_/A2
  _3572_/B
  _3581_/A2
  _3609_/A2
  _3614_/A2
 _3547_/Y
  _1883_/S
  _1947_/S
  _3550_/C
  _3653_/D
  _3654_/B
 _3548_/Y
  _3549_/B
  _3584_/B
  _3585_/B
  _3606_/A0
  _3646_/A1
 _3549_/Y
  _1846_/B
  _1882_/A
  _3550_/D
  _3640_/B
  _3653_/C
  _3654_/C
  _3657_/A
 _3550_/X
  _3551_/A
 _3551_/X
  _1857_/C1
  _1861_/A2
  _1912_/A1
  _1925_/A2
  _3552_/B1
  _3581_/B1
  _3609_/B1
  _3614_/B1
  _3666_/A2
 _3552_/Y
  _3553_/A
  _3557_/S
  _3560_/S
  _3563_/S
  _3566_/S
  _3569_/S
  _3611_/A2
  _3612_/A1
  _3632_/A1
 _3553_/X
  _1859_/B
  _1867_/C
  _1896_/A
  _1900_/A2
  _1904_/A2
  _1908_/A2
  _1915_/A
  _1916_/A2
  _1922_/A2
  _3554_/S
 _3554_/X
  _3555_/A1
 _3555_/X
  _3556_/A
 _3556_/X
  _3705_/D
 _3557_/X
  _3558_/A1
 _3558_/X
  _3559_/A
 _3559_/X
  _3704_/D
 _3560_/X
  _3561_/A1
 _3561_/X
  _3562_/A
 _3562_/X
  _3703_/D
 _3565_/X
  _3702_/D
 _3568_/X
  _3701_/D
 _3571_/X
  _3700_/D
 _3580_/X
  _3699_/D
 _3638_/X
  _3698_/D
 _3645_/X
  _3697_/D
 _3651_/X
  _3696_/D
 _3667_/Q
  _1955_/B
  _1960_/A
  _1961_/B
  _1963_/B
  _2299_/C_N
  _3224_/C
 _3668_/Q
  _1955_/A_N
  _1957_/S
  _1958_/A_N
  _1961_/A
  _1963_/A
  _2299_/B
  _3224_/B
 _3669_/Q
  _1955_/C
  _1958_/C
  _1962_/A
  _1964_/A1
  _2299_/A
  _3223_/A
 _3670_/Q
  _1957_/A1
 _3671_/Q
  _2210_/S
  _2212_/A
  _2222_/B1
  _3670_/D
 _3672_/Q
  _2370_/S
  _2372_/S
  _2374_/S
  _2376_/S
  _2378_/S
  _2380_/S
  _2382_/S
  _2384_/S
  _2386_/S
  _2388_/S
  _2390_/S
  _2392_/S
  _2394_/S
  _2396_/S
  _2398_/S
  _2400_/S
  _2402_/S
  _2404_/S
  _2406_/S
  _2408_/S
  _2410_/S
  _2412_/S
  _2414_/S
  _2416_/S
  _2418_/S
  _2420_/S
  _2422_/S
  _2424_/S
  _2426_/S
  _2428_/S
  _2430_/S
  _2450_/S
  _2454_/S
  _2458_/S
  _2462_/S
  _2466_/S
  _2470_/A
  _2471_/A1
  _2475_/S
  _2479_/S
  _2853_/B_N
  _2854_/A1
  _2872_/A
  _2873_/A1
  _2883_/A
  _2887_/B2
  _2891_/S
  _2899_/S
  _2905_/S
  _2909_/S
  _2914_/S
  _2920_/S
  _2925_/A_N
  _2926_/A1
  _2930_/S
  _2935_/S
  _3671_/D
 _3673_/Q
  _1958_/B
  _2178_/S
  _2180_/S
  _2182_/S
  _2184_/S
  _2186_/S
  _2188_/S
  _2190_/S
  _2192_/S
  _2194_/S
  _2196_/S
  _2198_/S
  _2200_/S
  _2202_/S
  _2204_/S
  _2206_/S
  _2208_/S
 _3674_/Q
  _2937_/A
  _3040_/B1
  _3194_/A
  _3195_/A1
  _3196_/S
  _3206_/S
  _3211_/S
  _3216_/S
  _3219_/C1
  _3220_/A1
  _3673_/D
 _3675_/Q
  _3296_/S
  _3354_/S
  _3356_/A
  _3380_/D1
  _3388_/C1
  _3414_/S
  _3421_/S
  _3432_/S
  _3440_/S
  _3449_/S
  _3456_/S
  _3464_/S
  _3478_/S
  _3483_/S
  _3485_/A
  _3487_/S
  _3489_/S
  _3491_/S
  _3493_/S
  _3495_/S
  _3497_/S
  _3499_/S
  _3501_/S
  _3674_/D
 _3676_/Q
  _1834_/S
  _1844_/A1
  _1851_/C1
  _1867_/B
  _1870_/B
  _1894_/A
  _1895_/A1
  _1898_/A1
  _1900_/C1
  _1904_/B1
  _1908_/C1
  _1916_/B1
  _1922_/B1
  _1930_/B
  _1940_/A1
  _1945_/A
  _1946_/A1
  _1952_/A1
  _3503_/S
  _3505_/S
  _3507_/S
  _3509_/A
  _3511_/B
  _3524_/S
  _3555_/S
  _3558_/S
  _3561_/S
  _3564_/S
  _3567_/S
  _3570_/S
  _3580_/A1
  _3637_/S
  _3645_/A1
  _3651_/A1
  _3675_/D
 _3677_/Q
  _1953_/A0
  _3507_/A1
 _3678_/Q
  _1951_/B
  _3304_/B_N
  _3337_/A
  _3360_/A2
  _3361_/A3
  _3468_/B
 _3679_/Q
  _3305_/A
  _3306_/A1
  _3330_/B
  _3360_/B1
  _3361_/A2
  _3400_/A
  _3467_/A
  _3469_/A1
  _3471_/A1
  _3475_/A
 _3680_/Q
  _1939_/B
  _3303_/A
  _3307_/B
  _3328_/A_N
  _3359_/B
  _3362_/B
 _3681_/Q
  _1931_/A2
  _3308_/C1
  _3309_/A1
  _3310_/A1
  _3329_/B
  _3364_/A
  _3365_/A1
  _3404_/A
  _3405_/A1
 _3682_/Q
  _1923_/A2
  _3312_/B
  _3318_/A
  _3336_/A_N
  _3366_/B1
  _3368_/B1
  _3443_/A1
  _3444_/A1
 _3683_/Q
  _1917_/B1
  _3313_/A
  _3319_/A2
  _3320_/B
  _3331_/B
  _3366_/A2
  _3367_/A2
  _3368_/A2
  _3369_/A2
  _3407_/B1
  _3425_/A1
  _3426_/A1
  _3434_/A1
  _3435_/A1
 _3684_/Q
  _1909_/A2
  _3302_/B
  _3311_/B_N
  _3370_/A
  _3371_/A1
  _3407_/A2
 _3685_/Q
  _1905_/A2
  _3322_/B1
  _3323_/A
  _3334_/B
  _3358_/B
  _3372_/B
  _3409_/A1
  _3410_/A1
  _3416_/A1
 _3686_/Q
  _1901_/A2
  _3300_/A_N
  _3326_/A
  _3338_/B_N
 _3687_/Q
  _1898_/A2
  _3299_/A
  _3332_/B
  _3377_/A2
  _3378_/B
  _3382_/A1
  _3383_/A1
  _3387_/A
  _3392_/A1
  _3393_/A1
  _3396_/A1
 _3688_/Q
  _3298_/A
  _3379_/A2
  _3380_/A2
 _3689_/Q
  _1887_/A2
  _3304_/A
  _3337_/B_N
  _3360_/A1
  _3361_/A1
  _3468_/A
 _3690_/Q
  _1881_/A2
  _3306_/B1_N
  _3330_/A
  _3361_/B1
  _3402_/B1
  _3472_/A1
  _3473_/A_N
  _3476_/A1
 _3691_/Q
  _1876_/A2
  _3303_/B_N
  _3307_/A_N
  _3328_/B
  _3359_/A
  _3362_/A
 _3692_/Q
  _1868_/A2
  _3309_/B1_N
  _3329_/A
  _3365_/B1
  _3405_/B1_N
 _3693_/Q
  _1852_/A2
  _3312_/A_N
  _3318_/B_N
  _3336_/B
  _3367_/D1
  _3368_/C1
  _3443_/B1
 _3694_/Q
  _1844_/A2
  _3315_/A
  _3331_/A
  _3366_/A1
  _3367_/A1
  _3368_/A1
  _3369_/A1
 _3695_/Q
  _1834_/A0
  _3301_/A
  _3311_/A
  _3371_/B1
 _3696_/Q
  _3324_/A
  _3334_/A
  _3358_/A
  _3372_/A
  _3651_/A2
 _3697_/Q
  _3300_/B
  _3327_/A
  _3338_/A
  _3374_/B1_N
  _3645_/A2
 _3698_/Q
  _3332_/A
  _3346_/B2
  _3350_/A1
  _3377_/A1
  _3378_/A
  _3382_/B1
  _3386_/A
  _3389_/B1
  _3392_/B1_N
  _3395_/A
  _3637_/A0
 _3699_/Q
  _3346_/A1
  _3347_/A
  _3348_/A
  _3379_/A1
  _3380_/A1
  _3579_/B
 _3700_/Q
  _3501_/A1
  _3570_/A0
 _3701_/Q
  _3499_/A1
  _3567_/A0
 _3702_/Q
  _3497_/A1
  _3564_/A0
 _3703_/Q
  _3495_/A1
  _3561_/A0
 _3704_/Q
  _3493_/A1
  _3558_/A0
 _3705_/Q
  _3491_/A1
  _3555_/A0
 _3706_/Q
  _3489_/A1
  _3524_/A0
 _3707_/Q
  _3487_/A1
  _3511_/A
 _3708_/Q
  _3293_/B
  _3507_/A0
 _3709_/Q
  _3293_/A
  _3505_/A0
 _3710_/Q
  _3294_/A
  _3353_/A1
  _3357_/A
  _3503_/A0
 _3711_/Q
  _3047_/A1
  _3048_/A1
  _3061_/A
  _3097_/B1
  _3174_/A
  _3177_/B
  _3501_/A0
 _3712_/Q
  _3049_/B
  _3062_/B
  _3068_/A
  _3076_/A
  _3100_/A1
  _3162_/A
  _3166_/A
  _3168_/A
  _3170_/A
  _3499_/A0
 _3713_/Q
  _3049_/A
  _3062_/A
  _3069_/A
  _3075_/A
  _3077_/B1
  _3163_/A
  _3497_/A0
 _3714_/Q
  _3046_/C
  _3065_/A
  _3124_/A2
  _3128_/B
  _3132_/A
  _3141_/A1
  _3144_/A
  _3145_/A
  _3495_/A0
 _3715_/Q
  _3046_/B
  _3066_/A
  _3124_/A1
  _3128_/A
  _3134_/A
  _3136_/B1
  _3138_/B1
  _3141_/B1
  _3493_/A0
 _3716_/Q
  _3046_/A
  _3067_/A
  _3118_/B1
  _3121_/A
  _3125_/A
  _3129_/A
  _3491_/A0
 _3717_/Q
  _3045_/A
  _3086_/A
  _3108_/A
  _3489_/A0
 _3718_/Q
  _3053_/A
  _3082_/A
  _3105_/A
  _3487_/A0
 _3719_/Q
  _2948_/A2
  _2972_/A2
  _3022_/C
  _3485_/B
 _3720_/Q
  _2948_/A1
  _2970_/A2
  _2972_/A1
  _3023_/B1
  _3026_/A2
  _3483_/A0
 _3721_/Q
  _2938_/C
  _2940_/B
  _2945_/D
  _2948_/B1
  _2949_/A1
  _2973_/A1
  _3005_/A1
  _3018_/B
  _3019_/A
  _3026_/A1
  _3033_/B
  _3478_/A0
 _3722_/Q
  _2938_/B
  _2940_/A
  _2945_/C
  _2949_/S
  _2973_/B2
  _2976_/A2
  _2980_/A
  _2990_/A0
  _2995_/A2
  _2996_/C
  _2999_/C
  _3005_/B2
  _3010_/A
  _3016_/A0
  _3018_/D_N
  _3020_/A
  _3025_/B
  _3029_/B1
  _3030_/A_N
  _3031_/A2
  _3464_/A0
 _3723_/Q
  _2938_/A
  _2942_/C
  _2945_/B
  _2950_/A
  _2970_/A1
  _2995_/A1
  _2996_/B
  _2999_/B
  _3029_/A2
  _3030_/B
  _3091_/A
  _3456_/A0
 _3724_/Q
  _2939_/A
  _2942_/B
  _2945_/A
  _2958_/A
  _2995_/B1_N
  _2996_/A_N
  _2999_/A
  _3449_/A0
 _3725_/Q
  _2942_/A
  _2946_/A
  _2953_/A
  _3000_/A
  _3006_/A
  _3440_/A0
 _3726_/Q
  _2944_/C1
  _2954_/A
  _2961_/B1_N
  _2962_/A_N
  _2974_/A
  _2986_/B
  _2989_/B
  _2990_/A1
  _3004_/A
  _3011_/A
  _3015_/C
  _3056_/A
  _3060_/D
  _3185_/A
  _3432_/A0
 _3727_/Q
  _2943_/C
  _2956_/A
  _2964_/A1
  _2966_/A
  _2967_/A
  _2975_/C
  _2978_/A
  _2981_/A
  _2991_/A
  _3009_/A
  _3015_/B
  _3036_/A2
  _3058_/B
  _3060_/C
  _3184_/A1
  _3186_/B
  _3187_/B
  _3200_/A
  _3201_/B
  _3421_/A0
 _3728_/Q
  _2943_/B
  _2957_/B
  _2964_/B1_N
  _2975_/B
  _2979_/A
  _2985_/A
  _2986_/C_N
  _2988_/B
  _2989_/A_N
  _2992_/A1
  _3015_/A
  _3036_/A1
  _3058_/A
  _3060_/B
  _3089_/A
  _3186_/C_N
  _3187_/A
  _3188_/A2
  _3190_/A1
  _3199_/B1_N
  _3201_/A_N
  _3202_/A1
  _3414_/A0
 _3729_/Q
  _2943_/A
  _2957_/A
  _2966_/B_N
  _2968_/A1
  _2975_/A
  _2985_/B_N
  _2988_/A_N
  _2992_/A0
  _3016_/A1
  _3021_/A
  _3027_/B
  _3033_/C_N
  _3036_/B1
  _3060_/A
  _3090_/A
  _3183_/A
  _3186_/A
  _3188_/A1
  _3198_/B1
  _3398_/A2
 _3730_/Q
  _2970_/B1
  _2971_/A
  _2976_/A1
  _2986_/A
  _2990_/S
  _2997_/A
  _3001_/A
  _3002_/A1
  _3012_/A
  _3013_/A1
  _3016_/S
  _3022_/A
  _3027_/A
  _3030_/C
  _3033_/A
  _3047_/B1
  _3177_/A
  _3381_/A2
 _3731_/Q
  _3042_/B1
  _3354_/A0
 _3732_/Q
  _2952_/B1
  _2977_/A
  _2994_/B1
  _3032_/C1
  _3038_/B1
  _3043_/A
  _3113_/C1
  _3126_/C1
  _3142_/B1
  _3151_/C1
  _3160_/D1
  _3181_/A1
  _3296_/A0
 _3733_/Q
  _1861_/A1
  _1867_/A
  _1873_/A1
  _1878_/A1
  _1885_/A1
  _3291_/A0
  _3574_/C
 _3734_/Q
  _1849_/A1
  _1851_/A1
  _1861_/B2
  _1871_/A1
  _1877_/A1
  _1883_/A1
  _3289_/A0
  _3574_/B
 _3735_/Q
  _1843_/A1
  _1850_/A1
  _1865_/A1
  _1874_/A1
  _1879_/A1
  _1884_/A1
  _3287_/A0
  _3574_/A
 _3736_/Q
  _1833_/A0
  _1841_/A1
  _1848_/A1
  _1865_/B2
  _1873_/B2
  _1878_/B2
  _1883_/A0
  _3285_/A0
  _3573_/D
  _3666_/A1
 _3737_/Q
  _1837_/A1
  _1847_/A1
  _1860_/A1
  _1872_/A1
  _1877_/B2
  _1885_/B2
  _3283_/A0
  _3573_/C
  _3650_/A1
  _3652_/A1
 _3738_/Q
  _1832_/A1
  _1837_/B2
  _1850_/B2
  _1860_/B2
  _1871_/B2
  _1880_/A1
  _1886_/A1
  _3281_/A0
  _3573_/B
  _3644_/A1
  _3648_/A1
 _3739_/Q
  _1842_/A1
  _1848_/B2
  _1864_/A1
  _1872_/B2
  _1879_/B2
  _3279_/A0
  _3576_/D
  _3636_/B2
  _3643_/A1
  _3649_/A1
  _3652_/B2
 _3740_/Q
  _3277_/A0
  _3527_/A_N
  _3529_/B
  _3548_/B_N
  _3569_/A1
  _3576_/C
 _3741_/Q
  _3275_/A0
  _3528_/B_N
  _3529_/A
  _3547_/B
  _3566_/A1
  _3576_/B
  _3584_/A
  _3585_/A
  _3604_/B
 _3742_/Q
  _3273_/A0
  _3532_/B
  _3534_/A_N
  _3563_/A1
  _3575_/D
  _3589_/A_N
 _3743_/Q
  _3271_/A0
  _3531_/B
  _3537_/A1
  _3538_/A1
  _3560_/A1
  _3575_/C
  _3586_/B
  _3590_/A1
  _3591_/A1
 _3744_/Q
  _3269_/A0
  _3515_/B
  _3544_/A2
  _3557_/A1
  _3575_/B
  _3592_/B1
  _3593_/A1
  _3598_/A
  _3600_/B1
  _3621_/A
  _3626_/A
 _3745_/Q
  _3267_/A0
  _3516_/A
  _3518_/A1
  _3539_/B
  _3554_/A1
  _3575_/A
  _3594_/B1
  _3595_/A1
  _3596_/B
  _3600_/A2
  _3619_/B
 _3746_/Q
  _3265_/A0
  _3519_/A
  _3520_/B1
  _3523_/A1
  _3540_/B_N
  _3541_/A
  _3576_/A
 _3747_/Q
  _3262_/A0
  _3512_/A2
  _3514_/B
  _3521_/A
  _3573_/A
 _3748_/Q
  _3260_/A0
  _3503_/A1
 _3749_/Q
  _1889_/D
  _1925_/A1
  _1930_/A
  _1936_/A1
  _1941_/A1
  _1949_/A1
  _3258_/A0
 _3750_/Q
  _1891_/C
  _1922_/A1
  _1924_/A1
  _1934_/A1
  _1942_/A1
  _1947_/A1
  _3256_/A0
 _3751_/Q
  _1891_/B
  _1912_/B1
  _1916_/A1
  _1920_/A1
  _1927_/A1
  _1937_/A1
  _1943_/A1
  _1949_/B2
  _3254_/A0
 _3752_/Q
  _1891_/A
  _1908_/A1
  _1914_/A1
  _1920_/B2
  _1925_/B2
  _1936_/B2
  _1942_/B2
  _1947_/A0
  _3252_/A0
 _3753_/Q
  _1890_/D
  _1904_/A1
  _1906_/A1
  _1913_/A1
  _1921_/A1
  _1926_/A1
  _1935_/A1
  _1941_/B2
  _1948_/A1
  _3250_/A0
 _3754_/Q
  _1890_/C
  _1900_/A1
  _1902_/A1
  _1907_/A1
  _1910_/A1
  _1918_/A0
  _1926_/B2
  _1934_/B2
  _1944_/A1
  _1950_/A1
  _3248_/A0
 _3755_/Q
  _1890_/B
  _1897_/A1
  _1899_/A1
  _1903_/A1
  _1906_/B2
  _1913_/B2
  _1919_/A1
  _1927_/B2
  _1935_/B2
  _1943_/B2
  _3246_/A0
 _3756_/Q
  _1890_/A
  _3244_/A0
  _3527_/B
  _3530_/A1
  _3548_/A
  _3569_/A0
 _3757_/Q
  _1888_/D
  _3241_/A0
  _3530_/B1
  _3547_/A
  _3566_/A0
  _3588_/A1
  _3604_/A
  _3607_/A1
  _3613_/A1
 _3758_/Q
  _1889_/C
  _3239_/A0
  _3532_/A_N
  _3534_/B
  _3563_/A0
  _3589_/B
 _3759_/Q
  _1889_/B
  _3237_/A0
  _3531_/A
  _3537_/B1_N
  _3560_/A0
  _3586_/A
  _3590_/B1_N
 _3760_/Q
  _1889_/A
  _3235_/A0
  _3515_/A_N
  _3543_/A
  _3557_/A0
  _3599_/B1
  _3630_/A
  _3631_/A1
 _3761_/Q
  _1888_/C
  _3233_/A0
  _3517_/A
  _3539_/A
  _3554_/A0
  _3619_/A
 _3762_/Q
  _1888_/B
  _3231_/A0
  _3513_/A
  _3523_/A0
  _3540_/A
  _3541_/B_N
 _3763_/Q
  _1888_/A
  _3229_/A0
  _3512_/A1
  _3514_/A_N
  _3521_/B_N
 _3764_/Q
  _3227_/A0
  _3505_/A1
 _3765_/Q
  _2178_/A1
  _3222_/B1
 _3766_/Q
  _2180_/A1
  _3220_/A2
 _3767_/Q
  _2182_/A1
  _3216_/A0
 _3768_/Q
  _2184_/A1
  _3211_/A0
 _3769_/Q
  _2186_/A1
  _3206_/A0
 _3770_/Q
  _2188_/A1
  _3196_/A0
 _3771_/Q
  _2190_/A1
  _3195_/A2
 _3772_/Q
  _2192_/A1
  _3182_/A2
 _3773_/Q
  _2194_/A1
  _3173_/B1
 _3774_/Q
  _2196_/A1
  _3165_/B1
 _3775_/Q
  _2198_/A1
  _3153_/A2
 _3776_/Q
  _2200_/A1
  _3143_/B1
 _3777_/Q
  _2202_/A1
  _3131_/B1
 _3778_/Q
  _2204_/A1
  _3117_/B1
 _3779_/Q
  _2206_/A1
  _3107_/B1
 _3780_/Q
  _2208_/A1
  _3042_/A1
 _3781_/Q
  _2230_/A2
  _2293_/A2
  _2935_/A0
 _3782_/Q
  _2229_/A2
  _2230_/A1
  _2293_/A1
  _2294_/A2
  _2930_/A0
 _3783_/Q
  _2231_/A1
  _2274_/A0
  _2293_/B1
  _2294_/A1
  _2925_/B
 _3784_/Q
  _2225_/A0
  _2231_/B2
  _2275_/A
  _2294_/B1
  _2297_/A2
  _2920_/A0
 _3785_/Q
  _2226_/C
  _2229_/A1
  _2274_/A1
  _2276_/B
  _2283_/A
  _2289_/A0
  _2295_/A
  _2914_/A0
 _3786_/Q
  _2226_/B
  _2276_/A
  _2278_/B
  _2284_/A
  _2285_/A
  _2289_/A1
  _2909_/A0
 _3787_/Q
  _2226_/A
  _2277_/A
  _2278_/A
  _2286_/A
  _2905_/A0
 _3788_/Q
  _2225_/A1
  _2227_/A2
  _2258_/A0
  _2279_/A
  _2899_/A0
 _3789_/Q
  _2227_/B1
  _2258_/A1
  _2261_/A
  _2267_/A0
  _2891_/A0
 _3790_/Q
  _2227_/C1
  _2262_/A
  _2263_/A
  _2267_/A1
  _2887_/B1
 _3791_/Q
  _2227_/D1
  _2264_/A
  _2872_/B
 _3792_/Q
  _2225_/S
  _2227_/A1
  _2229_/B1
  _2230_/B1_N
  _2233_/A1
  _2234_/A1
  _2252_/A1
  _2255_/B
  _2258_/S
  _2265_/S
  _2267_/S
  _2274_/S
  _2280_/S
  _2287_/S
  _2289_/S
  _2295_/C_N
  _2297_/A1
  _2854_/A2
 _3793_/Q
  _2233_/B1
  _2255_/A
  _2479_/A0
 _3794_/Q
  _2234_/C1
  _2253_/A
  _2475_/A0
 _3795_/Q
  _2235_/A
  _2250_/A
  _2470_/B
 _3796_/Q
  _2236_/B
  _2245_/A
  _2248_/A
  _2466_/A0
 _3797_/Q
  _2236_/A
  _2246_/A
  _2462_/A0
 _3798_/Q
  _2237_/A
  _2243_/A
  _2458_/A0
 _3799_/Q
  _2238_/A
  _2241_/A
  _2454_/A0
 _3800_/Q
  _2239_/A
  _2450_/A0
 _3801_/Q
  _2215_/D
  _2430_/A0
 _3802_/Q
  _2217_/C
  _2428_/A0
 _3803_/Q
  _2217_/B
  _2426_/A0
 _3804_/Q
  _2217_/A
  _2424_/A0
 _3805_/Q
  _2216_/D
  _2422_/A0
 _3806_/Q
  _2216_/C
  _2420_/A0
 _3807_/Q
  _2216_/B
  _2418_/A0
 _3808_/Q
  _2216_/A
  _2416_/A0
 _3809_/Q
  _2214_/D
  _2414_/A0
 _3810_/Q
  _2215_/C
  _2412_/A0
 _3811_/Q
  _2215_/B
  _2410_/A0
 _3812_/Q
  _2215_/A
  _2408_/A0
 _3813_/Q
  _2214_/C
  _2406_/A0
 _3814_/Q
  _2214_/B
  _2404_/A0
 _3815_/Q
  _2214_/A
  _2402_/A0
 _3816_/Q
  _2219_/D
  _2400_/A0
 _3817_/Q
  _2221_/C
  _2398_/A0
 _3818_/Q
  _2221_/B
  _2396_/A0
 _3819_/Q
  _2221_/A
  _2394_/A0
 _3820_/Q
  _2220_/D
  _2392_/A0
 _3821_/Q
  _2220_/C
  _2390_/A0
 _3822_/Q
  _2220_/B
  _2388_/A0
 _3823_/Q
  _2220_/A
  _2386_/A0
 _3824_/Q
  _2218_/D
  _2384_/A0
 _3825_/Q
  _2219_/C
  _2382_/A0
 _3826_/Q
  _2219_/B
  _2380_/A0
 _3827_/Q
  _2219_/A
  _2378_/A0
 _3828_/Q
  _2218_/C
  _2376_/A0
 _3829_/Q
  _2218_/B
  _2374_/A0
 _3830_/Q
  _2218_/A
  _2372_/A0
 _3831_/Q
  _2210_/A1
  _2370_/A0
 _3832_/Q
  _2367_/A1
  _2400_/A1
  _2574_/A
  _2576_/B
  _2577_/C_N
  _2579_/A_N
  _2583_/B
  _2585_/A2
  _2587_/C
  _2596_/B2
  _2619_/B1
  _2620_/A0
  _2639_/B
  _2656_/B
  _2729_/A2
  _2745_/B
  _2750_/B
  _2754_/C
  _2762_/B
  _2777_/A1
  _2779_/B1
 _3833_/Q
  _2365_/A1
  _2398_/A1
  _2537_/B
  _2540_/C_N
  _2541_/C_N
  _2542_/A2
  _2544_/B
  _2545_/A0
  _2549_/C_N
  _2550_/B
  _2561_/A1
  _2576_/A_N
  _2577_/B
  _2579_/B
  _2582_/B
  _2589_/B1
  _2591_/B
  _2592_/B
  _2593_/A2
  _2596_/A1
  _2657_/B
  _2659_/B
  _2727_/B1
  _2728_/D
  _2746_/B
  _2751_/B
  _2763_/B
  _2769_/D
  _2775_/B1
  _2776_/A3
 _3834_/Q
  _2363_/A1
  _2396_/A1
  _2506_/B1
  _2507_/A3
  _2537_/A_N
  _2539_/B
  _2551_/B
  _2553_/B2
  _2554_/A
  _2555_/B
  _2556_/A2
  _2560_/D
  _2575_/B
  _2579_/C
  _2580_/A1
  _2583_/A
  _2584_/A0
  _2588_/A2
  _2619_/A2
  _2620_/A1
  _2634_/B
  _2646_/A2
  _2661_/B
  _2666_/B1
  _2667_/D
  _2727_/A2
  _2728_/C
  _2744_/B
  _2749_/B
  _2765_/A2
  _2766_/B
  _2769_/C
  _2775_/A2
 _3835_/Q
  _2361_/A1
  _2394_/A1
  _2484_/A
  _2486_/B
  _2494_/B
  _2496_/B
  _2497_/A_N
  _2501_/C
  _2502_/B
  _2507_/B1
  _2509_/A_N
  _2510_/B1_N
  _2536_/B
  _2539_/A
  _2540_/B
  _2541_/B
  _2544_/A
  _2546_/A2
  _2547_/A2
  _2548_/C
  _2557_/B
  _2559_/A2
  _2560_/C
  _2575_/A
  _2577_/A
  _2587_/B
  _2592_/A
  _2593_/A1
  _2613_/B
  _2626_/A2
  _2635_/B
  _2644_/B1
  _2645_/D
  _2662_/B
  _2666_/A2
  _2667_/C
  _2757_/B
  _2765_/B2
  _2771_/B
  _2812_/B2
 _3836_/Q
  _2359_/A1
  _2392_/A1
  _2482_/A
  _2494_/A_N
  _2497_/B
  _2504_/B1
  _2506_/A2
  _2507_/A2
  _2511_/A2
  _2512_/C1
  _2536_/A
  _2538_/A0
  _2541_/A
  _2545_/S
  _2547_/A1
  _2555_/A
  _2556_/A1
  _2561_/B2
  _2569_/B
  _2600_/A2
  _2602_/A2
  _2614_/B
  _2636_/B
  _2644_/A2
  _2645_/C
  _2731_/B
  _2748_/B
  _2804_/B
  _2807_/B
  _2808_/A2
  _2811_/A3
  _2814_/A2
  _2821_/B1
  _2842_/A2
  _2844_/A2
 _3837_/Q
  _2357_/A1
  _2390_/A1
  _2485_/A
  _2486_/A
  _2492_/B
  _2493_/B
  _2496_/A_N
  _2497_/C
  _2500_/A2
  _2501_/B
  _2509_/B
  _2510_/A2
  _2523_/B
  _2570_/B
  _2615_/B
  _2665_/B
  _2730_/B
  _2804_/A
  _2809_/B
  _2815_/A1
  _2816_/B
  _2820_/C
  _2841_/A2
  _2842_/B1
  _2844_/A1
 _3838_/Q
  _2355_/A1
  _2388_/A1
  _2487_/A
  _2491_/A1
  _2492_/A
  _2493_/A
  _2495_/A0
  _2501_/A
  _2502_/A
  _2514_/B
  _2516_/A1
  _2517_/A1
  _2522_/B
  _2526_/B
  _2571_/B
  _2642_/B
  _2648_/B
  _2713_/C1
  _2714_/A2
  _2806_/B
  _2807_/A
  _2808_/A1
  _2817_/A1
  _2819_/A2
  _2821_/A3
  _2827_/A2
  _2840_/B
  _2843_/A
  _2847_/B1
  _2851_/A1
 _3839_/Q
  _2353_/A1
  _2386_/A1
  _2436_/A2
  _2437_/A3
  _2472_/B
  _2477_/B
 _3840_/Q
  _2351_/A1
  _2384_/A1
  _2436_/B1
  _2437_/A2
  _2473_/B
 _3841_/Q
  _2349_/A1
  _2382_/A1
  _2435_/A
  _2439_/A1
  _2468_/B
 _3842_/Q
  _2347_/A1
  _2380_/A1
  _2441_/A1
  _2442_/A1
  _2464_/B
 _3843_/Q
  _2345_/A1
  _2378_/A1
  _2443_/A1
  _2444_/A1
  _2460_/B
 _3844_/Q
  _2343_/A1
  _2376_/A1
  _2434_/A
  _2456_/B
 _3845_/Q
  _2340_/A1
  _2374_/A1
  _2433_/A
  _2452_/B
 _3846_/Q
  _2338_/A1
  _2372_/A1
  _2432_/B
 _3847_/Q
  _2336_/A1
  _2369_/B
 _3848_/Q
  _2334_/A1
  _2430_/A1
  _2642_/A
  _2647_/A
  _2684_/A1
  _2685_/A1
  _2713_/D1
  _2714_/A1
  _2730_/A
  _2748_/A
  _2765_/B1
  _2769_/B
  _2771_/A
  _2775_/A1
  _2776_/A2
 _3849_/Q
  _2332_/A1
  _2428_/A1
  _2631_/C_N
  _2632_/A1
  _2648_/A
  _2665_/A
  _2681_/A
  _2691_/B1_N
  _2692_/A
  _2731_/A
  _2757_/A
  _2765_/A1
  _2766_/A
  _2769_/A
  _2775_/B2
  _2776_/A1
 _3850_/Q
  _2330_/A1
  _2426_/A1
  _2521_/A
  _2525_/A1
  _2535_/A
  _2571_/A
  _2615_/A
  _2636_/A
  _2644_/A1
  _2645_/B
  _2662_/A
  _2666_/A1
  _2667_/B
  _2727_/A1
  _2728_/B
  _2745_/A
  _2749_/A
  _2751_/A_N
  _2763_/A
  _2776_/B2
  _2779_/A2
 _3851_/Q
  _2328_/A1
  _2424_/A1
  _2514_/A
  _2517_/B2
  _2518_/A1
  _2522_/A
  _2527_/A
  _2570_/A
  _2614_/A
  _2635_/A
  _2644_/B2
  _2645_/A
  _2661_/A
  _2666_/B2
  _2667_/A
  _2727_/B2
  _2728_/A
  _2746_/A
  _2751_/C
  _2762_/A
  _2827_/A1
  _2829_/A2
 _3852_/Q
  _2326_/A1
  _2422_/A1
  _2517_/C1
  _2518_/C1
  _2523_/A
  _2526_/A
  _2569_/A
  _2600_/A1
  _2602_/A1
  _2613_/A
  _2626_/A1
  _2634_/A
  _2646_/A1
  _2657_/A
  _2659_/A
  _2729_/A1
  _2744_/A
  _2750_/A
  _2779_/A1
  _2813_/A1
  _2826_/A
  _2827_/B1
  _2830_/A
  _2832_/A1
 _3853_/Q
  _2324_/A1
  _2420_/A1
  _2481_/A
  _2500_/B1
  _2506_/A1
  _2507_/A1
  _2509_/C
  _2510_/A1
  _2540_/A
  _2542_/A1
  _2546_/B1
  _2551_/A
  _2557_/A
  _2560_/B
  _2578_/C1
  _2582_/A
  _2588_/B1
  _2619_/A1
  _2620_/S
  _2656_/A
  _2806_/A
  _2809_/A
  _2812_/A2
  _2816_/A
  _2821_/A2
  _2842_/A1
  _2844_/B1
  _2846_/A
  _2848_/A1
  _2852_/A1
 _3854_/Q
  _2322_/A1
  _2418_/A1
  _2489_/A
  _2500_/A1
  _2505_/B2
  _2507_/B2
  _2511_/A1
  _2512_/B1
  _2546_/A1
  _2547_/B2
  _2548_/A
  _2549_/B
  _2556_/B1
  _2560_/A
  _2585_/B2
  _2586_/A
  _2587_/A
  _2588_/A1
  _2591_/A
  _2593_/B1
  _2639_/A
  _2808_/B1
  _2811_/A1
  _2812_/A1
  _2818_/A
  _2819_/A1
  _2820_/A
  _2840_/A
  _2845_/A
  _2848_/B2
  _2851_/B1
 _3855_/Q
  _2319_/A1
  _2416_/A1
  _2436_/A1
  _2437_/A1
  _2472_/A
  _2477_/A
 _3856_/Q
  _2317_/A1
  _2414_/A1
  _2437_/B1
  _2473_/A
 _3857_/Q
  _2315_/A1
  _2412_/A1
  _2439_/B1
  _2468_/A
 _3858_/Q
  _2313_/A1
  _2410_/A1
  _2441_/B1
  _2464_/A
 _3859_/Q
  _2311_/A1
  _2408_/A1
  _2443_/B1
  _2460_/A
 _3860_/Q
  _2309_/A1
  _2406_/A1
  _2445_/B1_N
  _2456_/A
 _3861_/Q
  _2307_/A1
  _2404_/A1
  _2447_/B1_N
  _2452_/A
 _3862_/Q
  _2305_/A1
  _2402_/A1
  _2432_/A
 _3863_/Q
  _2303_/A1
  _2369_/A
 _3864_/Q
  _2298_/A2
  _3258_/A1
 _3865_/Q
  _2292_/B1
  _3256_/A1
 _3866_/Q
  _2288_/A2
  _3254_/A1
 _3867_/Q
  _2282_/A2
  _3252_/A1
 _3868_/Q
  _2273_/A2
  _3250_/A1
 _3869_/Q
  _2270_/B1
  _3248_/A1
 _3870_/Q
  _2266_/A2
  _3246_/A1
 _3871_/Q
  _2257_/A2
  _3244_/A1
 _3872_/Q
  _2254_/A2
  _3241_/A1
 _3873_/Q
  _2251_/A2
  _3239_/A1
 _3874_/Q
  _2249_/A2
  _3237_/A1
 _3875_/Q
  _2247_/A2
  _3235_/A1
 _3876_/Q
  _2244_/A2
  _3233_/A1
 _3877_/Q
  _2242_/A2
  _3231_/A1
 _3878_/Q
  _2240_/A2
  _3229_/A1
 _3879_/Q
  _2210_/A0
  _3227_/A1
 _3880_/Q
  ACC_OUT[0]
  _2178_/A0
  _3291_/A1
 _3881_/Q
  ACC_OUT[1]
  _2180_/A0
  _3289_/A1
 _3882_/Q
  ACC_OUT[2]
  _2182_/A0
  _3287_/A1
 _3883_/Q
  ACC_OUT[3]
  _2184_/A0
  _3285_/A1
 _3884_/Q
  ACC_OUT[4]
  _2186_/A0
  _3283_/A1
 _3885_/Q
  ACC_OUT[5]
  _2188_/A0
  _3281_/A1
 _3886_/Q
  ACC_OUT[6]
  _2190_/A0
  _3279_/A1
 _3887_/Q
  ACC_OUT[7]
  _2192_/A0
  _3277_/A1
 _3888_/Q
  ACC_OUT[8]
  _2194_/A0
  _3275_/A1
 _3889_/Q
  ACC_OUT[9]
  _2196_/A0
  _3273_/A1
 _3890_/Q
  ACC_OUT[10]
  _2198_/A0
  _3271_/A1
 _3891_/Q
  ACC_OUT[11]
  _2200_/A0
  _3269_/A1
 _3892_/Q
  ACC_OUT[12]
  _2202_/A0
  _3267_/A1
 _3893_/Q
  ACC_OUT[13]
  _2204_/A0
  _3265_/A1
 _3894_/Q
  ACC_OUT[14]
  _2206_/A0
  _3262_/A1
 _3895_/Q
  ACC_OUT[15]
  _2208_/A0
  _3260_/A1

===========================================================================
max slew violation count 0
max fanout violation count 0
max cap violation count 0
============================================================================

===========================================================================
check_setup -verbose -unconstrained_endpoints -multiple_clock -no_clock -no_input_delay -loops -generated_clocks
===========================================================================
