
===========================================================================
 report_power
============================================================================
======================= nom_tt_025C_1v80 Corner ===================================

Group                    Internal    Switching      Leakage        Total
                            Power        Power        Power        Power (Watts)
------------------------------------------------------------------------
Sequential           1.532105e-03 7.183460e-04 2.492771e-09 2.250454e-03  21.2%
Combinational        5.235706e-03 3.113193e-03 6.649586e-09 8.348906e-03  78.8%
Clock                0.000000e+00 0.000000e+00 0.000000e+00 0.000000e+00   0.0%
Macro                0.000000e+00 0.000000e+00 0.000000e+00 0.000000e+00   0.0%
Pad                  0.000000e+00 0.000000e+00 0.000000e+00 0.000000e+00   0.0%
------------------------------------------------------------------------
Total                6.767818e-03 3.831535e-03 9.142346e-09 1.059936e-02 100.0%
                            63.9%        36.1%         0.0%

